Archive member included to satisfy reference by file (symbol)

e:/save/eclipse2a/gnu mcu eclipse/arm embedded gcc/8.2.1-1.4-20190214-0604/bin/../lib/gcc/arm-none-eabi/8.2.1/../../../../arm-none-eabi/lib/thumb/v7-m/nofp\libg.a(lib_a-errno.o)
                              ./System/Source/Newlib/_sbrk.o (__errno)
e:/save/eclipse2a/gnu mcu eclipse/arm embedded gcc/8.2.1-1.4-20190214-0604/bin/../lib/gcc/arm-none-eabi/8.2.1/../../../../arm-none-eabi/lib/thumb/v7-m/nofp\libg.a(lib_a-impure.o)
                              e:/save/eclipse2a/gnu mcu eclipse/arm embedded gcc/8.2.1-1.4-20190214-0604/bin/../lib/gcc/arm-none-eabi/8.2.1/../../../../arm-none-eabi/lib/thumb/v7-m/nofp\libg.a(lib_a-errno.o) (_impure_ptr)

Allocating common symbols
Common symbol       size              file

errno               0x4               ./System/Source/Newlib/_syscalls.o

Discarded input sections

 .group         0x0000000000000000        0xc ./System/Source/cortexm/_initialize_hardware.o
 .group         0x0000000000000000        0xc ./System/Source/cortexm/_initialize_hardware.o
 .group         0x0000000000000000        0xc ./System/Source/cortexm/_initialize_hardware.o
 .group         0x0000000000000000        0xc ./System/Source/cortexm/_initialize_hardware.o
 .group         0x0000000000000000        0xc ./System/Source/cortexm/_initialize_hardware.o
 .group         0x0000000000000000        0xc ./System/Source/cortexm/_initialize_hardware.o
 .group         0x0000000000000000        0xc ./System/Source/cortexm/_initialize_hardware.o
 .group         0x0000000000000000        0xc ./System/Source/cortexm/_initialize_hardware.o
 .group         0x0000000000000000        0xc ./System/Source/cortexm/_initialize_hardware.o
 .text          0x0000000000000000        0x0 ./System/Source/cortexm/_initialize_hardware.o
 .data          0x0000000000000000        0x0 ./System/Source/cortexm/_initialize_hardware.o
 .bss           0x0000000000000000        0x0 ./System/Source/cortexm/_initialize_hardware.o
 .group         0x0000000000000000        0xc ./System/Source/cortexm/_reset_hardware.o
 .group         0x0000000000000000        0xc ./System/Source/cortexm/_reset_hardware.o
 .group         0x0000000000000000        0xc ./System/Source/cortexm/_reset_hardware.o
 .group         0x0000000000000000        0xc ./System/Source/cortexm/_reset_hardware.o
 .group         0x0000000000000000        0xc ./System/Source/cortexm/_reset_hardware.o
 .group         0x0000000000000000        0xc ./System/Source/cortexm/_reset_hardware.o
 .group         0x0000000000000000        0xc ./System/Source/cortexm/_reset_hardware.o
 .group         0x0000000000000000        0xc ./System/Source/cortexm/_reset_hardware.o
 .group         0x0000000000000000        0xc ./System/Source/cortexm/_reset_hardware.o
 .text          0x0000000000000000        0x0 ./System/Source/cortexm/_reset_hardware.o
 .data          0x0000000000000000        0x0 ./System/Source/cortexm/_reset_hardware.o
 .bss           0x0000000000000000        0x0 ./System/Source/cortexm/_reset_hardware.o
 .text.__reset_hardware
                0x0000000000000000       0x24 ./System/Source/cortexm/_reset_hardware.o
 .debug_info    0x0000000000000000      0x350 ./System/Source/cortexm/_reset_hardware.o
 .debug_abbrev  0x0000000000000000      0x132 ./System/Source/cortexm/_reset_hardware.o
 .debug_aranges
                0x0000000000000000       0x20 ./System/Source/cortexm/_reset_hardware.o
 .debug_ranges  0x0000000000000000       0x10 ./System/Source/cortexm/_reset_hardware.o
 .debug_macro   0x0000000000000000       0x80 ./System/Source/cortexm/_reset_hardware.o
 .debug_macro   0x0000000000000000      0xaa2 ./System/Source/cortexm/_reset_hardware.o
 .debug_macro   0x0000000000000000       0x2e ./System/Source/cortexm/_reset_hardware.o
 .debug_macro   0x0000000000000000       0x22 ./System/Source/cortexm/_reset_hardware.o
 .debug_macro   0x0000000000000000      0x34e ./System/Source/cortexm/_reset_hardware.o
 .debug_macro   0x0000000000000000       0x34 ./System/Source/cortexm/_reset_hardware.o
 .debug_macro   0x0000000000000000       0x34 ./System/Source/cortexm/_reset_hardware.o
 .debug_macro   0x0000000000000000      0xb8e ./System/Source/cortexm/_reset_hardware.o
 .debug_macro   0x0000000000000000     0xe90a ./System/Source/cortexm/_reset_hardware.o
 .debug_macro   0x0000000000000000       0x43 ./System/Source/cortexm/_reset_hardware.o
 .debug_line    0x0000000000000000      0x1c4 ./System/Source/cortexm/_reset_hardware.o
 .debug_str     0x0000000000000000    0x556b4 ./System/Source/cortexm/_reset_hardware.o
 .comment       0x0000000000000000       0x69 ./System/Source/cortexm/_reset_hardware.o
 .debug_frame   0x0000000000000000       0x20 ./System/Source/cortexm/_reset_hardware.o
 .ARM.attributes
                0x0000000000000000       0x2d ./System/Source/cortexm/_reset_hardware.o
 .group         0x0000000000000000        0xc ./System/Source/cortexm/exception_handlers.o
 .group         0x0000000000000000        0xc ./System/Source/cortexm/exception_handlers.o
 .group         0x0000000000000000        0xc ./System/Source/cortexm/exception_handlers.o
 .group         0x0000000000000000        0xc ./System/Source/cortexm/exception_handlers.o
 .group         0x0000000000000000        0xc ./System/Source/cortexm/exception_handlers.o
 .group         0x0000000000000000        0xc ./System/Source/cortexm/exception_handlers.o
 .group         0x0000000000000000        0xc ./System/Source/cortexm/exception_handlers.o
 .group         0x0000000000000000        0xc ./System/Source/cortexm/exception_handlers.o
 .group         0x0000000000000000        0xc ./System/Source/cortexm/exception_handlers.o
 .group         0x0000000000000000        0xc ./System/Source/cortexm/exception_handlers.o
 .group         0x0000000000000000        0xc ./System/Source/cortexm/exception_handlers.o
 .group         0x0000000000000000        0xc ./System/Source/cortexm/exception_handlers.o
 .group         0x0000000000000000        0xc ./System/Source/cortexm/exception_handlers.o
 .group         0x0000000000000000        0xc ./System/Source/cortexm/exception_handlers.o
 .group         0x0000000000000000        0xc ./System/Source/cortexm/exception_handlers.o
 .group         0x0000000000000000        0xc ./System/Source/cortexm/exception_handlers.o
 .group         0x0000000000000000        0xc ./System/Source/cortexm/exception_handlers.o
 .group         0x0000000000000000        0xc ./System/Source/cortexm/exception_handlers.o
 .group         0x0000000000000000        0xc ./System/Source/cortexm/exception_handlers.o
 .group         0x0000000000000000        0xc ./System/Source/cortexm/exception_handlers.o
 .group         0x0000000000000000        0xc ./System/Source/cortexm/exception_handlers.o
 .group         0x0000000000000000        0xc ./System/Source/cortexm/exception_handlers.o
 .group         0x0000000000000000        0xc ./System/Source/cortexm/exception_handlers.o
 .group         0x0000000000000000        0xc ./System/Source/cortexm/exception_handlers.o
 .group         0x0000000000000000        0xc ./System/Source/cortexm/exception_handlers.o
 .text          0x0000000000000000        0x0 ./System/Source/cortexm/exception_handlers.o
 .data          0x0000000000000000        0x0 ./System/Source/cortexm/exception_handlers.o
 .bss           0x0000000000000000        0x0 ./System/Source/cortexm/exception_handlers.o
 .debug_macro   0x0000000000000000      0xaa2 ./System/Source/cortexm/exception_handlers.o
 .debug_macro   0x0000000000000000      0x34e ./System/Source/cortexm/exception_handlers.o
 .debug_macro   0x0000000000000000       0x2e ./System/Source/cortexm/exception_handlers.o
 .debug_macro   0x0000000000000000       0x22 ./System/Source/cortexm/exception_handlers.o
 .debug_macro   0x0000000000000000       0x34 ./System/Source/cortexm/exception_handlers.o
 .debug_macro   0x0000000000000000      0xb8e ./System/Source/cortexm/exception_handlers.o
 .debug_macro   0x0000000000000000     0xe90a ./System/Source/cortexm/exception_handlers.o
 .debug_macro   0x0000000000000000       0x43 ./System/Source/cortexm/exception_handlers.o
 .group         0x0000000000000000        0xc ./System/Source/Newlib/_cxx.o
 .group         0x0000000000000000        0xc ./System/Source/Newlib/_cxx.o
 .group         0x0000000000000000        0xc ./System/Source/Newlib/_cxx.o
 .group         0x0000000000000000        0xc ./System/Source/Newlib/_cxx.o
 .group         0x0000000000000000        0xc ./System/Source/Newlib/_cxx.o
 .group         0x0000000000000000        0xc ./System/Source/Newlib/_cxx.o
 .group         0x0000000000000000        0xc ./System/Source/Newlib/_cxx.o
 .group         0x0000000000000000        0xc ./System/Source/Newlib/_cxx.o
 .group         0x0000000000000000        0xc ./System/Source/Newlib/_cxx.o
 .group         0x0000000000000000        0xc ./System/Source/Newlib/_cxx.o
 .group         0x0000000000000000        0xc ./System/Source/Newlib/_cxx.o
 .group         0x0000000000000000        0xc ./System/Source/Newlib/_cxx.o
 .group         0x0000000000000000        0xc ./System/Source/Newlib/_cxx.o
 .group         0x0000000000000000        0xc ./System/Source/Newlib/_cxx.o
 .group         0x0000000000000000        0xc ./System/Source/Newlib/_cxx.o
 .group         0x0000000000000000        0xc ./System/Source/Newlib/_cxx.o
 .group         0x0000000000000000        0xc ./System/Source/Newlib/_cxx.o
 .group         0x0000000000000000        0xc ./System/Source/Newlib/_cxx.o
 .group         0x0000000000000000        0xc ./System/Source/Newlib/_cxx.o
 .group         0x0000000000000000        0xc ./System/Source/Newlib/_cxx.o
 .group         0x0000000000000000        0xc ./System/Source/Newlib/_cxx.o
 .group         0x0000000000000000        0xc ./System/Source/Newlib/_cxx.o
 .group         0x0000000000000000        0xc ./System/Source/Newlib/_cxx.o
 .group         0x0000000000000000        0xc ./System/Source/Newlib/_cxx.o
 .group         0x0000000000000000        0xc ./System/Source/Newlib/_cxx.o
 .group         0x0000000000000000        0xc ./System/Source/Newlib/_cxx.o
 .group         0x0000000000000000        0xc ./System/Source/Newlib/_cxx.o
 .group         0x0000000000000000        0xc ./System/Source/Newlib/_cxx.o
 .group         0x0000000000000000        0xc ./System/Source/Newlib/_cxx.o
 .group         0x0000000000000000        0xc ./System/Source/Newlib/_cxx.o
 .group         0x0000000000000000        0xc ./System/Source/Newlib/_cxx.o
 .group         0x0000000000000000        0xc ./System/Source/Newlib/_cxx.o
 .group         0x0000000000000000        0xc ./System/Source/Newlib/_cxx.o
 .group         0x0000000000000000        0xc ./System/Source/Newlib/_cxx.o
 .group         0x0000000000000000        0xc ./System/Source/Newlib/_cxx.o
 .text          0x0000000000000000        0x0 ./System/Source/Newlib/_cxx.o
 .data          0x0000000000000000        0x0 ./System/Source/Newlib/_cxx.o
 .bss           0x0000000000000000        0x0 ./System/Source/Newlib/_cxx.o
 .text._ZN9__gnu_cxx27__verbose_terminate_handlerEv
                0x0000000000000000        0x6 ./System/Source/Newlib/_cxx.o
 .text.__cxa_pure_virtual
                0x0000000000000000        0x6 ./System/Source/Newlib/_cxx.o
 .debug_info    0x0000000000000000      0xfe6 ./System/Source/Newlib/_cxx.o
 .debug_abbrev  0x0000000000000000      0x2fa ./System/Source/Newlib/_cxx.o
 .debug_aranges
                0x0000000000000000       0x28 ./System/Source/Newlib/_cxx.o
 .debug_ranges  0x0000000000000000       0x18 ./System/Source/Newlib/_cxx.o
 .debug_macro   0x0000000000000000      0x1c9 ./System/Source/Newlib/_cxx.o
 .debug_macro   0x0000000000000000      0xb44 ./System/Source/Newlib/_cxx.o
 .debug_macro   0x0000000000000000      0x16f ./System/Source/Newlib/_cxx.o
 .debug_macro   0x0000000000000000       0x10 ./System/Source/Newlib/_cxx.o
 .debug_macro   0x0000000000000000      0x3f4 ./System/Source/Newlib/_cxx.o
 .debug_macro   0x0000000000000000       0x10 ./System/Source/Newlib/_cxx.o
 .debug_macro   0x0000000000000000       0x18 ./System/Source/Newlib/_cxx.o
 .debug_macro   0x0000000000000000       0x22 ./System/Source/Newlib/_cxx.o
 .debug_macro   0x0000000000000000       0x5e ./System/Source/Newlib/_cxx.o
 .debug_macro   0x0000000000000000       0x94 ./System/Source/Newlib/_cxx.o
 .debug_macro   0x0000000000000000       0x35 ./System/Source/Newlib/_cxx.o
 .debug_macro   0x0000000000000000       0x34 ./System/Source/Newlib/_cxx.o
 .debug_macro   0x0000000000000000       0x16 ./System/Source/Newlib/_cxx.o
 .debug_macro   0x0000000000000000      0x10e ./System/Source/Newlib/_cxx.o
 .debug_macro   0x0000000000000000       0x94 ./System/Source/Newlib/_cxx.o
 .debug_macro   0x0000000000000000       0x57 ./System/Source/Newlib/_cxx.o
 .debug_macro   0x0000000000000000       0x58 ./System/Source/Newlib/_cxx.o
 .debug_macro   0x0000000000000000       0x1f ./System/Source/Newlib/_cxx.o
 .debug_macro   0x0000000000000000       0x43 ./System/Source/Newlib/_cxx.o
 .debug_macro   0x0000000000000000       0x20 ./System/Source/Newlib/_cxx.o
 .debug_macro   0x0000000000000000      0x18e ./System/Source/Newlib/_cxx.o
 .debug_macro   0x0000000000000000      0x35c ./System/Source/Newlib/_cxx.o
 .debug_macro   0x0000000000000000       0x16 ./System/Source/Newlib/_cxx.o
 .debug_macro   0x0000000000000000       0x29 ./System/Source/Newlib/_cxx.o
 .debug_macro   0x0000000000000000       0x1c ./System/Source/Newlib/_cxx.o
 .debug_macro   0x0000000000000000       0xde ./System/Source/Newlib/_cxx.o
 .debug_macro   0x0000000000000000       0x10 ./System/Source/Newlib/_cxx.o
 .debug_macro   0x0000000000000000       0x6a ./System/Source/Newlib/_cxx.o
 .debug_macro   0x0000000000000000       0x1c ./System/Source/Newlib/_cxx.o
 .debug_macro   0x0000000000000000       0x52 ./System/Source/Newlib/_cxx.o
 .debug_macro   0x0000000000000000       0x40 ./System/Source/Newlib/_cxx.o
 .debug_macro   0x0000000000000000       0x10 ./System/Source/Newlib/_cxx.o
 .debug_macro   0x0000000000000000       0x40 ./System/Source/Newlib/_cxx.o
 .debug_macro   0x0000000000000000       0xd7 ./System/Source/Newlib/_cxx.o
 .debug_macro   0x0000000000000000       0x1c ./System/Source/Newlib/_cxx.o
 .debug_macro   0x0000000000000000       0x3d ./System/Source/Newlib/_cxx.o
 .debug_line    0x0000000000000000      0x53b ./System/Source/Newlib/_cxx.o
 .debug_str     0x0000000000000000     0x8aa9 ./System/Source/Newlib/_cxx.o
 .comment       0x0000000000000000       0x69 ./System/Source/Newlib/_cxx.o
 .debug_frame   0x0000000000000000       0x40 ./System/Source/Newlib/_cxx.o
 .ARM.attributes
                0x0000000000000000       0x2d ./System/Source/Newlib/_cxx.o
 .group         0x0000000000000000        0xc ./System/Source/Newlib/_exit.o
 .group         0x0000000000000000        0xc ./System/Source/Newlib/_exit.o
 .group         0x0000000000000000        0xc ./System/Source/Newlib/_exit.o
 .group         0x0000000000000000        0xc ./System/Source/Newlib/_exit.o
 .group         0x0000000000000000        0xc ./System/Source/Newlib/_exit.o
 .group         0x0000000000000000        0xc ./System/Source/Newlib/_exit.o
 .group         0x0000000000000000        0xc ./System/Source/Newlib/_exit.o
 .group         0x0000000000000000        0xc ./System/Source/Newlib/_exit.o
 .group         0x0000000000000000        0xc ./System/Source/Newlib/_exit.o
 .group         0x0000000000000000        0xc ./System/Source/Newlib/_exit.o
 .group         0x0000000000000000        0xc ./System/Source/Newlib/_exit.o
 .group         0x0000000000000000        0xc ./System/Source/Newlib/_exit.o
 .group         0x0000000000000000        0xc ./System/Source/Newlib/_exit.o
 .group         0x0000000000000000        0xc ./System/Source/Newlib/_exit.o
 .group         0x0000000000000000        0xc ./System/Source/Newlib/_exit.o
 .group         0x0000000000000000        0xc ./System/Source/Newlib/_exit.o
 .group         0x0000000000000000        0xc ./System/Source/Newlib/_exit.o
 .group         0x0000000000000000        0xc ./System/Source/Newlib/_exit.o
 .group         0x0000000000000000        0xc ./System/Source/Newlib/_exit.o
 .text          0x0000000000000000        0x0 ./System/Source/Newlib/_exit.o
 .data          0x0000000000000000        0x0 ./System/Source/Newlib/_exit.o
 .bss           0x0000000000000000        0x0 ./System/Source/Newlib/_exit.o
 .text.abort    0x0000000000000000        0x8 ./System/Source/Newlib/_exit.o
 .debug_macro   0x0000000000000000      0xaa2 ./System/Source/Newlib/_exit.o
 .debug_macro   0x0000000000000000       0x18 ./System/Source/Newlib/_exit.o
 .debug_macro   0x0000000000000000       0x22 ./System/Source/Newlib/_exit.o
 .debug_macro   0x0000000000000000       0x5e ./System/Source/Newlib/_exit.o
 .debug_macro   0x0000000000000000       0x94 ./System/Source/Newlib/_exit.o
 .debug_macro   0x0000000000000000       0x35 ./System/Source/Newlib/_exit.o
 .debug_macro   0x0000000000000000       0x34 ./System/Source/Newlib/_exit.o
 .debug_macro   0x0000000000000000       0x16 ./System/Source/Newlib/_exit.o
 .debug_macro   0x0000000000000000       0x57 ./System/Source/Newlib/_exit.o
 .debug_macro   0x0000000000000000       0x58 ./System/Source/Newlib/_exit.o
 .debug_macro   0x0000000000000000       0x1f ./System/Source/Newlib/_exit.o
 .debug_macro   0x0000000000000000       0x43 ./System/Source/Newlib/_exit.o
 .debug_macro   0x0000000000000000       0x20 ./System/Source/Newlib/_exit.o
 .debug_macro   0x0000000000000000      0x18e ./System/Source/Newlib/_exit.o
 .debug_macro   0x0000000000000000      0x339 ./System/Source/Newlib/_exit.o
 .debug_macro   0x0000000000000000       0x16 ./System/Source/Newlib/_exit.o
 .debug_macro   0x0000000000000000       0x29 ./System/Source/Newlib/_exit.o
 .group         0x0000000000000000        0xc ./System/Source/Newlib/_sbrk.o
 .group         0x0000000000000000        0xc ./System/Source/Newlib/_sbrk.o
 .group         0x0000000000000000        0xc ./System/Source/Newlib/_sbrk.o
 .group         0x0000000000000000        0xc ./System/Source/Newlib/_sbrk.o
 .group         0x0000000000000000        0xc ./System/Source/Newlib/_sbrk.o
 .group         0x0000000000000000        0xc ./System/Source/Newlib/_sbrk.o
 .group         0x0000000000000000        0xc ./System/Source/Newlib/_sbrk.o
 .group         0x0000000000000000        0xc ./System/Source/Newlib/_sbrk.o
 .group         0x0000000000000000        0xc ./System/Source/Newlib/_sbrk.o
 .group         0x0000000000000000        0xc ./System/Source/Newlib/_sbrk.o
 .group         0x0000000000000000        0xc ./System/Source/Newlib/_sbrk.o
 .group         0x0000000000000000        0xc ./System/Source/Newlib/_sbrk.o
 .group         0x0000000000000000        0xc ./System/Source/Newlib/_sbrk.o
 .group         0x0000000000000000        0xc ./System/Source/Newlib/_sbrk.o
 .group         0x0000000000000000        0xc ./System/Source/Newlib/_sbrk.o
 .group         0x0000000000000000        0xc ./System/Source/Newlib/_sbrk.o
 .group         0x0000000000000000        0xc ./System/Source/Newlib/_sbrk.o
 .group         0x0000000000000000        0xc ./System/Source/Newlib/_sbrk.o
 .group         0x0000000000000000        0xc ./System/Source/Newlib/_sbrk.o
 .group         0x0000000000000000        0xc ./System/Source/Newlib/_sbrk.o
 .group         0x0000000000000000        0xc ./System/Source/Newlib/_sbrk.o
 .group         0x0000000000000000        0xc ./System/Source/Newlib/_sbrk.o
 .group         0x0000000000000000        0xc ./System/Source/Newlib/_sbrk.o
 .group         0x0000000000000000        0xc ./System/Source/Newlib/_sbrk.o
 .group         0x0000000000000000        0xc ./System/Source/Newlib/_sbrk.o
 .group         0x0000000000000000        0xc ./System/Source/Newlib/_sbrk.o
 .group         0x0000000000000000        0xc ./System/Source/Newlib/_sbrk.o
 .text          0x0000000000000000        0x0 ./System/Source/Newlib/_sbrk.o
 .data          0x0000000000000000        0x0 ./System/Source/Newlib/_sbrk.o
 .bss           0x0000000000000000        0x0 ./System/Source/Newlib/_sbrk.o
 .text._sbrk    0x0000000000000000       0x44 ./System/Source/Newlib/_sbrk.o
 .bss.current_heap_end.4004
                0x0000000000000000        0x4 ./System/Source/Newlib/_sbrk.o
 .debug_info    0x0000000000000000      0x9d4 ./System/Source/Newlib/_sbrk.o
 .debug_abbrev  0x0000000000000000      0x232 ./System/Source/Newlib/_sbrk.o
 .debug_loc     0x0000000000000000       0x97 ./System/Source/Newlib/_sbrk.o
 .debug_aranges
                0x0000000000000000       0x20 ./System/Source/Newlib/_sbrk.o
 .debug_ranges  0x0000000000000000       0x10 ./System/Source/Newlib/_sbrk.o
 .debug_macro   0x0000000000000000      0x169 ./System/Source/Newlib/_sbrk.o
 .debug_macro   0x0000000000000000      0xaa2 ./System/Source/Newlib/_sbrk.o
 .debug_macro   0x0000000000000000       0x22 ./System/Source/Newlib/_sbrk.o
 .debug_macro   0x0000000000000000       0x5e ./System/Source/Newlib/_sbrk.o
 .debug_macro   0x0000000000000000       0x18 ./System/Source/Newlib/_sbrk.o
 .debug_macro   0x0000000000000000       0x94 ./System/Source/Newlib/_sbrk.o
 .debug_macro   0x0000000000000000       0x35 ./System/Source/Newlib/_sbrk.o
 .debug_macro   0x0000000000000000       0x34 ./System/Source/Newlib/_sbrk.o
 .debug_macro   0x0000000000000000       0x57 ./System/Source/Newlib/_sbrk.o
 .debug_macro   0x0000000000000000      0x174 ./System/Source/Newlib/_sbrk.o
 .debug_macro   0x0000000000000000      0x339 ./System/Source/Newlib/_sbrk.o
 .debug_macro   0x0000000000000000       0x10 ./System/Source/Newlib/_sbrk.o
 .debug_macro   0x0000000000000000       0x58 ./System/Source/Newlib/_sbrk.o
 .debug_macro   0x0000000000000000       0x1f ./System/Source/Newlib/_sbrk.o
 .debug_macro   0x0000000000000000       0x43 ./System/Source/Newlib/_sbrk.o
 .debug_macro   0x0000000000000000       0x20 ./System/Source/Newlib/_sbrk.o
 .debug_macro   0x0000000000000000       0x6a ./System/Source/Newlib/_sbrk.o
 .debug_macro   0x0000000000000000       0x1c ./System/Source/Newlib/_sbrk.o
 .debug_macro   0x0000000000000000       0x52 ./System/Source/Newlib/_sbrk.o
 .debug_macro   0x0000000000000000       0x40 ./System/Source/Newlib/_sbrk.o
 .debug_macro   0x0000000000000000       0x10 ./System/Source/Newlib/_sbrk.o
 .debug_macro   0x0000000000000000       0x40 ./System/Source/Newlib/_sbrk.o
 .debug_macro   0x0000000000000000       0xd7 ./System/Source/Newlib/_sbrk.o
 .debug_macro   0x0000000000000000       0x1c ./System/Source/Newlib/_sbrk.o
 .debug_macro   0x0000000000000000       0x3d ./System/Source/Newlib/_sbrk.o
 .debug_macro   0x0000000000000000       0x10 ./System/Source/Newlib/_sbrk.o
 .debug_macro   0x0000000000000000      0x18e ./System/Source/Newlib/_sbrk.o
 .debug_macro   0x0000000000000000      0x23b ./System/Source/Newlib/_sbrk.o
 .debug_line    0x0000000000000000      0x3aa ./System/Source/Newlib/_sbrk.o
 .debug_str     0x0000000000000000     0x7245 ./System/Source/Newlib/_sbrk.o
 .comment       0x0000000000000000       0x69 ./System/Source/Newlib/_sbrk.o
 .debug_frame   0x0000000000000000       0x28 ./System/Source/Newlib/_sbrk.o
 .ARM.attributes
                0x0000000000000000       0x2d ./System/Source/Newlib/_sbrk.o
 .group         0x0000000000000000        0xc ./System/Source/Newlib/_startup.o
 .group         0x0000000000000000        0xc ./System/Source/Newlib/_startup.o
 .group         0x0000000000000000        0xc ./System/Source/Newlib/_startup.o
 .group         0x0000000000000000        0xc ./System/Source/Newlib/_startup.o
 .group         0x0000000000000000        0xc ./System/Source/Newlib/_startup.o
 .group         0x0000000000000000        0xc ./System/Source/Newlib/_startup.o
 .group         0x0000000000000000        0xc ./System/Source/Newlib/_startup.o
 .group         0x0000000000000000        0xc ./System/Source/Newlib/_startup.o
 .group         0x0000000000000000        0xc ./System/Source/Newlib/_startup.o
 .group         0x0000000000000000        0xc ./System/Source/Newlib/_startup.o
 .group         0x0000000000000000        0xc ./System/Source/Newlib/_startup.o
 .group         0x0000000000000000        0xc ./System/Source/Newlib/_startup.o
 .group         0x0000000000000000        0xc ./System/Source/Newlib/_startup.o
 .group         0x0000000000000000        0xc ./System/Source/Newlib/_startup.o
 .group         0x0000000000000000        0xc ./System/Source/Newlib/_startup.o
 .group         0x0000000000000000        0xc ./System/Source/Newlib/_startup.o
 .group         0x0000000000000000        0xc ./System/Source/Newlib/_startup.o
 .group         0x0000000000000000        0xc ./System/Source/Newlib/_startup.o
 .group         0x0000000000000000        0xc ./System/Source/Newlib/_startup.o
 .group         0x0000000000000000        0xc ./System/Source/Newlib/_startup.o
 .group         0x0000000000000000        0xc ./System/Source/Newlib/_startup.o
 .group         0x0000000000000000        0xc ./System/Source/Newlib/_startup.o
 .group         0x0000000000000000        0xc ./System/Source/Newlib/_startup.o
 .group         0x0000000000000000        0xc ./System/Source/Newlib/_startup.o
 .group         0x0000000000000000        0xc ./System/Source/Newlib/_startup.o
 .text          0x0000000000000000        0x0 ./System/Source/Newlib/_startup.o
 .data          0x0000000000000000        0x0 ./System/Source/Newlib/_startup.o
 .bss           0x0000000000000000        0x0 ./System/Source/Newlib/_startup.o
 .text.__initialize_data
                0x0000000000000000       0x10 ./System/Source/Newlib/_startup.o
 .text.__initialize_bss
                0x0000000000000000        0xe ./System/Source/Newlib/_startup.o
 .text.__run_init_array
                0x0000000000000000       0x48 ./System/Source/Newlib/_startup.o
 .text.__run_fini_array
                0x0000000000000000       0x24 ./System/Source/Newlib/_startup.o
 .debug_macro   0x0000000000000000      0xaa2 ./System/Source/Newlib/_startup.o
 .debug_macro   0x0000000000000000      0x34e ./System/Source/Newlib/_startup.o
 .debug_macro   0x0000000000000000       0x22 ./System/Source/Newlib/_startup.o
 .debug_macro   0x0000000000000000       0x5e ./System/Source/Newlib/_startup.o
 .debug_macro   0x0000000000000000       0x18 ./System/Source/Newlib/_startup.o
 .debug_macro   0x0000000000000000       0x94 ./System/Source/Newlib/_startup.o
 .debug_macro   0x0000000000000000       0x35 ./System/Source/Newlib/_startup.o
 .debug_macro   0x0000000000000000       0x34 ./System/Source/Newlib/_startup.o
 .debug_macro   0x0000000000000000       0x57 ./System/Source/Newlib/_startup.o
 .debug_macro   0x0000000000000000      0x174 ./System/Source/Newlib/_startup.o
 .debug_macro   0x0000000000000000      0x339 ./System/Source/Newlib/_startup.o
 .debug_macro   0x0000000000000000       0x10 ./System/Source/Newlib/_startup.o
 .debug_macro   0x0000000000000000       0x58 ./System/Source/Newlib/_startup.o
 .debug_macro   0x0000000000000000       0x1f ./System/Source/Newlib/_startup.o
 .debug_macro   0x0000000000000000       0x43 ./System/Source/Newlib/_startup.o
 .debug_macro   0x0000000000000000       0x20 ./System/Source/Newlib/_startup.o
 .debug_macro   0x0000000000000000       0x6a ./System/Source/Newlib/_startup.o
 .debug_macro   0x0000000000000000       0x1c ./System/Source/Newlib/_startup.o
 .debug_macro   0x0000000000000000       0x52 ./System/Source/Newlib/_startup.o
 .debug_macro   0x0000000000000000       0x40 ./System/Source/Newlib/_startup.o
 .debug_macro   0x0000000000000000       0x10 ./System/Source/Newlib/_startup.o
 .debug_macro   0x0000000000000000       0x40 ./System/Source/Newlib/_startup.o
 .debug_macro   0x0000000000000000       0xd7 ./System/Source/Newlib/_startup.o
 .debug_macro   0x0000000000000000       0x1c ./System/Source/Newlib/_startup.o
 .debug_macro   0x0000000000000000       0x3d ./System/Source/Newlib/_startup.o
 .group         0x0000000000000000        0xc ./System/Source/Newlib/_syscalls.o
 .group         0x0000000000000000        0xc ./System/Source/Newlib/_syscalls.o
 .group         0x0000000000000000        0xc ./System/Source/Newlib/_syscalls.o
 .group         0x0000000000000000        0xc ./System/Source/Newlib/_syscalls.o
 .group         0x0000000000000000        0xc ./System/Source/Newlib/_syscalls.o
 .group         0x0000000000000000        0xc ./System/Source/Newlib/_syscalls.o
 .group         0x0000000000000000        0xc ./System/Source/Newlib/_syscalls.o
 .group         0x0000000000000000        0xc ./System/Source/Newlib/_syscalls.o
 .group         0x0000000000000000        0xc ./System/Source/Newlib/_syscalls.o
 .group         0x0000000000000000        0xc ./System/Source/Newlib/_syscalls.o
 .group         0x0000000000000000        0xc ./System/Source/Newlib/_syscalls.o
 .group         0x0000000000000000        0xc ./System/Source/Newlib/_syscalls.o
 .group         0x0000000000000000        0xc ./System/Source/Newlib/_syscalls.o
 .group         0x0000000000000000        0xc ./System/Source/Newlib/_syscalls.o
 .group         0x0000000000000000        0xc ./System/Source/Newlib/_syscalls.o
 .group         0x0000000000000000        0xc ./System/Source/Newlib/_syscalls.o
 .group         0x0000000000000000        0xc ./System/Source/Newlib/_syscalls.o
 .group         0x0000000000000000        0xc ./System/Source/Newlib/_syscalls.o
 .group         0x0000000000000000        0xc ./System/Source/Newlib/_syscalls.o
 .group         0x0000000000000000        0xc ./System/Source/Newlib/_syscalls.o
 .group         0x0000000000000000        0xc ./System/Source/Newlib/_syscalls.o
 .group         0x0000000000000000        0xc ./System/Source/Newlib/_syscalls.o
 .group         0x0000000000000000        0xc ./System/Source/Newlib/_syscalls.o
 .group         0x0000000000000000        0xc ./System/Source/Newlib/_syscalls.o
 .group         0x0000000000000000        0xc ./System/Source/Newlib/_syscalls.o
 .group         0x0000000000000000        0xc ./System/Source/Newlib/_syscalls.o
 .group         0x0000000000000000        0xc ./System/Source/Newlib/_syscalls.o
 .group         0x0000000000000000        0xc ./System/Source/Newlib/_syscalls.o
 .group         0x0000000000000000        0xc ./System/Source/Newlib/_syscalls.o
 .group         0x0000000000000000        0xc ./System/Source/Newlib/_syscalls.o
 .group         0x0000000000000000        0xc ./System/Source/Newlib/_syscalls.o
 .group         0x0000000000000000        0xc ./System/Source/Newlib/_syscalls.o
 .group         0x0000000000000000        0xc ./System/Source/Newlib/_syscalls.o
 .group         0x0000000000000000        0xc ./System/Source/Newlib/_syscalls.o
 .group         0x0000000000000000        0xc ./System/Source/Newlib/_syscalls.o
 .group         0x0000000000000000        0xc ./System/Source/Newlib/_syscalls.o
 .group         0x0000000000000000        0xc ./System/Source/Newlib/_syscalls.o
 .group         0x0000000000000000        0xc ./System/Source/Newlib/_syscalls.o
 .text          0x0000000000000000        0x0 ./System/Source/Newlib/_syscalls.o
 .data          0x0000000000000000        0x0 ./System/Source/Newlib/_syscalls.o
 .bss           0x0000000000000000        0x0 ./System/Source/Newlib/_syscalls.o
 .text.__initialize_args
                0x0000000000000000       0x10 ./System/Source/Newlib/_syscalls.o
 .text.raise    0x0000000000000000       0x10 ./System/Source/Newlib/_syscalls.o
 .text.kill     0x0000000000000000       0x10 ./System/Source/Newlib/_syscalls.o
 .bss.__dso_handle
                0x0000000000000000        0x4 ./System/Source/Newlib/_syscalls.o
 .bss.name.4373
                0x0000000000000000        0x1 ./System/Source/Newlib/_syscalls.o
 .data.argv.4374
                0x0000000000000000        0x8 ./System/Source/Newlib/_syscalls.o
 .debug_info    0x0000000000000000      0xab9 ./System/Source/Newlib/_syscalls.o
 .debug_abbrev  0x0000000000000000      0x26d ./System/Source/Newlib/_syscalls.o
 .debug_loc     0x0000000000000000       0x6f ./System/Source/Newlib/_syscalls.o
 .debug_aranges
                0x0000000000000000       0x30 ./System/Source/Newlib/_syscalls.o
 .debug_ranges  0x0000000000000000       0x20 ./System/Source/Newlib/_syscalls.o
 .debug_macro   0x0000000000000000      0x1f3 ./System/Source/Newlib/_syscalls.o
 .debug_macro   0x0000000000000000      0xaa2 ./System/Source/Newlib/_syscalls.o
 .debug_macro   0x0000000000000000       0x22 ./System/Source/Newlib/_syscalls.o
 .debug_macro   0x0000000000000000       0x5e ./System/Source/Newlib/_syscalls.o
 .debug_macro   0x0000000000000000       0x18 ./System/Source/Newlib/_syscalls.o
 .debug_macro   0x0000000000000000       0x94 ./System/Source/Newlib/_syscalls.o
 .debug_macro   0x0000000000000000       0x35 ./System/Source/Newlib/_syscalls.o
 .debug_macro   0x0000000000000000       0x34 ./System/Source/Newlib/_syscalls.o
 .debug_macro   0x0000000000000000       0x1c ./System/Source/Newlib/_syscalls.o
 .debug_macro   0x0000000000000000       0x10 ./System/Source/Newlib/_syscalls.o
 .debug_macro   0x0000000000000000      0x174 ./System/Source/Newlib/_syscalls.o
 .debug_macro   0x0000000000000000       0x57 ./System/Source/Newlib/_syscalls.o
 .debug_macro   0x0000000000000000       0x58 ./System/Source/Newlib/_syscalls.o
 .debug_macro   0x0000000000000000       0x1f ./System/Source/Newlib/_syscalls.o
 .debug_macro   0x0000000000000000       0x43 ./System/Source/Newlib/_syscalls.o
 .debug_macro   0x0000000000000000       0x20 ./System/Source/Newlib/_syscalls.o
 .debug_macro   0x0000000000000000      0x18e ./System/Source/Newlib/_syscalls.o
 .debug_macro   0x0000000000000000      0x23b ./System/Source/Newlib/_syscalls.o
 .debug_macro   0x0000000000000000      0x339 ./System/Source/Newlib/_syscalls.o
 .debug_macro   0x0000000000000000       0x10 ./System/Source/Newlib/_syscalls.o
 .debug_macro   0x0000000000000000       0x35 ./System/Source/Newlib/_syscalls.o
 .debug_macro   0x0000000000000000       0x10 ./System/Source/Newlib/_syscalls.o
 .debug_macro   0x0000000000000000       0x10 ./System/Source/Newlib/_syscalls.o
 .debug_macro   0x0000000000000000       0x10 ./System/Source/Newlib/_syscalls.o
 .debug_macro   0x0000000000000000       0x6a ./System/Source/Newlib/_syscalls.o
 .debug_macro   0x0000000000000000       0x1c ./System/Source/Newlib/_syscalls.o
 .debug_macro   0x0000000000000000       0x52 ./System/Source/Newlib/_syscalls.o
 .debug_macro   0x0000000000000000       0x40 ./System/Source/Newlib/_syscalls.o
 .debug_macro   0x0000000000000000       0x10 ./System/Source/Newlib/_syscalls.o
 .debug_macro   0x0000000000000000       0x40 ./System/Source/Newlib/_syscalls.o
 .debug_macro   0x0000000000000000       0xd7 ./System/Source/Newlib/_syscalls.o
 .debug_macro   0x0000000000000000       0x1c ./System/Source/Newlib/_syscalls.o
 .debug_macro   0x0000000000000000       0x3d ./System/Source/Newlib/_syscalls.o
 .debug_macro   0x0000000000000000       0x35 ./System/Source/Newlib/_syscalls.o
 .debug_macro   0x0000000000000000      0x122 ./System/Source/Newlib/_syscalls.o
 .debug_macro   0x0000000000000000       0x88 ./System/Source/Newlib/_syscalls.o
 .debug_macro   0x0000000000000000      0x10c ./System/Source/Newlib/_syscalls.o
 .debug_macro   0x0000000000000000      0x189 ./System/Source/Newlib/_syscalls.o
 .debug_macro   0x0000000000000000       0x16 ./System/Source/Newlib/_syscalls.o
 .debug_line    0x0000000000000000      0x4a4 ./System/Source/Newlib/_syscalls.o
 .debug_str     0x0000000000000000     0x8091 ./System/Source/Newlib/_syscalls.o
 .comment       0x0000000000000000       0x69 ./System/Source/Newlib/_syscalls.o
 .debug_frame   0x0000000000000000       0x50 ./System/Source/Newlib/_syscalls.o
 .ARM.attributes
                0x0000000000000000       0x2d ./System/Source/Newlib/_syscalls.o
 COMMON         0x0000000000000000        0x4 ./System/Source/Newlib/_syscalls.o
 .group         0x0000000000000000        0xc ./System/Source/Newlib/assert.o
 .group         0x0000000000000000        0xc ./System/Source/Newlib/assert.o
 .group         0x0000000000000000        0xc ./System/Source/Newlib/assert.o
 .group         0x0000000000000000        0xc ./System/Source/Newlib/assert.o
 .group         0x0000000000000000        0xc ./System/Source/Newlib/assert.o
 .group         0x0000000000000000        0xc ./System/Source/Newlib/assert.o
 .group         0x0000000000000000        0xc ./System/Source/Newlib/assert.o
 .group         0x0000000000000000        0xc ./System/Source/Newlib/assert.o
 .group         0x0000000000000000        0xc ./System/Source/Newlib/assert.o
 .group         0x0000000000000000        0xc ./System/Source/Newlib/assert.o
 .group         0x0000000000000000        0xc ./System/Source/Newlib/assert.o
 .group         0x0000000000000000        0xc ./System/Source/Newlib/assert.o
 .group         0x0000000000000000        0xc ./System/Source/Newlib/assert.o
 .group         0x0000000000000000        0xc ./System/Source/Newlib/assert.o
 .group         0x0000000000000000        0xc ./System/Source/Newlib/assert.o
 .group         0x0000000000000000        0xc ./System/Source/Newlib/assert.o
 .group         0x0000000000000000        0xc ./System/Source/Newlib/assert.o
 .group         0x0000000000000000        0xc ./System/Source/Newlib/assert.o
 .group         0x0000000000000000        0xc ./System/Source/Newlib/assert.o
 .group         0x0000000000000000        0xc ./System/Source/Newlib/assert.o
 .group         0x0000000000000000        0xc ./System/Source/Newlib/assert.o
 .text          0x0000000000000000        0x0 ./System/Source/Newlib/assert.o
 .data          0x0000000000000000        0x0 ./System/Source/Newlib/assert.o
 .bss           0x0000000000000000        0x0 ./System/Source/Newlib/assert.o
 .debug_info    0x0000000000000000      0x91d ./System/Source/Newlib/assert.o
 .debug_abbrev  0x0000000000000000      0x1b4 ./System/Source/Newlib/assert.o
 .debug_aranges
                0x0000000000000000       0x18 ./System/Source/Newlib/assert.o
 .debug_macro   0x0000000000000000      0x112 ./System/Source/Newlib/assert.o
 .debug_macro   0x0000000000000000      0xaa2 ./System/Source/Newlib/assert.o
 .debug_macro   0x0000000000000000       0x22 ./System/Source/Newlib/assert.o
 .debug_macro   0x0000000000000000       0x5e ./System/Source/Newlib/assert.o
 .debug_macro   0x0000000000000000       0x18 ./System/Source/Newlib/assert.o
 .debug_macro   0x0000000000000000       0x94 ./System/Source/Newlib/assert.o
 .debug_macro   0x0000000000000000       0x35 ./System/Source/Newlib/assert.o
 .debug_macro   0x0000000000000000       0x34 ./System/Source/Newlib/assert.o
 .debug_macro   0x0000000000000000       0x1c ./System/Source/Newlib/assert.o
 .debug_macro   0x0000000000000000       0x16 ./System/Source/Newlib/assert.o
 .debug_macro   0x0000000000000000      0x10e ./System/Source/Newlib/assert.o
 .debug_macro   0x0000000000000000       0x8d ./System/Source/Newlib/assert.o
 .debug_macro   0x0000000000000000       0x57 ./System/Source/Newlib/assert.o
 .debug_macro   0x0000000000000000       0x58 ./System/Source/Newlib/assert.o
 .debug_macro   0x0000000000000000       0x1f ./System/Source/Newlib/assert.o
 .debug_macro   0x0000000000000000       0x43 ./System/Source/Newlib/assert.o
 .debug_macro   0x0000000000000000       0x20 ./System/Source/Newlib/assert.o
 .debug_macro   0x0000000000000000      0x18e ./System/Source/Newlib/assert.o
 .debug_macro   0x0000000000000000      0x339 ./System/Source/Newlib/assert.o
 .debug_macro   0x0000000000000000       0x16 ./System/Source/Newlib/assert.o
 .debug_macro   0x0000000000000000       0x29 ./System/Source/Newlib/assert.o
 .debug_macro   0x0000000000000000      0x34e ./System/Source/Newlib/assert.o
 .debug_line    0x0000000000000000      0x2d5 ./System/Source/Newlib/assert.o
 .debug_str     0x0000000000000000     0x6c4c ./System/Source/Newlib/assert.o
 .comment       0x0000000000000000       0x69 ./System/Source/Newlib/assert.o
 .ARM.attributes
                0x0000000000000000       0x33 ./System/Source/Newlib/assert.o
 .group         0x0000000000000000        0xc ./System/Source/Cmsis/system_stm32f10x.o
 .group         0x0000000000000000        0xc ./System/Source/Cmsis/system_stm32f10x.o
 .group         0x0000000000000000        0xc ./System/Source/Cmsis/system_stm32f10x.o
 .group         0x0000000000000000        0xc ./System/Source/Cmsis/system_stm32f10x.o
 .group         0x0000000000000000        0xc ./System/Source/Cmsis/system_stm32f10x.o
 .group         0x0000000000000000        0xc ./System/Source/Cmsis/system_stm32f10x.o
 .group         0x0000000000000000        0xc ./System/Source/Cmsis/system_stm32f10x.o
 .group         0x0000000000000000        0xc ./System/Source/Cmsis/system_stm32f10x.o
 .group         0x0000000000000000        0xc ./System/Source/Cmsis/system_stm32f10x.o
 .text          0x0000000000000000        0x0 ./System/Source/Cmsis/system_stm32f10x.o
 .data          0x0000000000000000        0x0 ./System/Source/Cmsis/system_stm32f10x.o
 .bss           0x0000000000000000        0x0 ./System/Source/Cmsis/system_stm32f10x.o
 .debug_macro   0x0000000000000000      0xaa2 ./System/Source/Cmsis/system_stm32f10x.o
 .debug_macro   0x0000000000000000       0x2e ./System/Source/Cmsis/system_stm32f10x.o
 .debug_macro   0x0000000000000000       0x22 ./System/Source/Cmsis/system_stm32f10x.o
 .debug_macro   0x0000000000000000      0x34e ./System/Source/Cmsis/system_stm32f10x.o
 .debug_macro   0x0000000000000000       0x34 ./System/Source/Cmsis/system_stm32f10x.o
 .debug_macro   0x0000000000000000       0x34 ./System/Source/Cmsis/system_stm32f10x.o
 .debug_macro   0x0000000000000000      0xb8e ./System/Source/Cmsis/system_stm32f10x.o
 .debug_macro   0x0000000000000000     0xe90a ./System/Source/Cmsis/system_stm32f10x.o
 .debug_macro   0x0000000000000000       0x43 ./System/Source/Cmsis/system_stm32f10x.o
 .group         0x0000000000000000        0xc ./System/Source/Cmsis/vectors_stm32f10x.o
 .group         0x0000000000000000        0xc ./System/Source/Cmsis/vectors_stm32f10x.o
 .text          0x0000000000000000        0x0 ./System/Source/Cmsis/vectors_stm32f10x.o
 .data          0x0000000000000000        0x0 ./System/Source/Cmsis/vectors_stm32f10x.o
 .bss           0x0000000000000000        0x0 ./System/Source/Cmsis/vectors_stm32f10x.o
 .debug_macro   0x0000000000000000      0xaa2 ./System/Source/Cmsis/vectors_stm32f10x.o
 .debug_macro   0x0000000000000000      0x34e ./System/Source/Cmsis/vectors_stm32f10x.o
 .group         0x0000000000000000        0xc ./Code/main103c8t6_1.o
 .group         0x0000000000000000        0xc ./Code/main103c8t6_1.o
 .group         0x0000000000000000        0xc ./Code/main103c8t6_1.o
 .group         0x0000000000000000        0xc ./Code/main103c8t6_1.o
 .group         0x0000000000000000        0xc ./Code/main103c8t6_1.o
 .group         0x0000000000000000        0xc ./Code/main103c8t6_1.o
 .group         0x0000000000000000        0xc ./Code/main103c8t6_1.o
 .group         0x0000000000000000        0xc ./Code/main103c8t6_1.o
 .group         0x0000000000000000        0xc ./Code/main103c8t6_1.o
 .group         0x0000000000000000        0xc ./Code/main103c8t6_1.o
 .group         0x0000000000000000        0xc ./Code/main103c8t6_1.o
 .group         0x0000000000000000        0xc ./Code/main103c8t6_1.o
 .group         0x0000000000000000        0xc ./Code/main103c8t6_1.o
 .group         0x0000000000000000        0xc ./Code/main103c8t6_1.o
 .group         0x0000000000000000        0xc ./Code/main103c8t6_1.o
 .group         0x0000000000000000        0xc ./Code/main103c8t6_1.o
 .group         0x0000000000000000        0xc ./Code/main103c8t6_1.o
 .group         0x0000000000000000        0xc ./Code/main103c8t6_1.o
 .group         0x0000000000000000        0xc ./Code/main103c8t6_1.o
 .group         0x0000000000000000        0xc ./Code/main103c8t6_1.o
 .group         0x0000000000000000        0xc ./Code/main103c8t6_1.o
 .group         0x0000000000000000        0xc ./Code/main103c8t6_1.o
 .group         0x0000000000000000        0xc ./Code/main103c8t6_1.o
 .group         0x0000000000000000        0xc ./Code/main103c8t6_1.o
 .group         0x0000000000000000        0xc ./Code/main103c8t6_1.o
 .group         0x0000000000000000        0xc ./Code/main103c8t6_1.o
 .group         0x0000000000000000        0xc ./Code/main103c8t6_1.o
 .group         0x0000000000000000        0xc ./Code/main103c8t6_1.o
 .group         0x0000000000000000        0xc ./Code/main103c8t6_1.o
 .group         0x0000000000000000        0xc ./Code/main103c8t6_1.o
 .group         0x0000000000000000        0xc ./Code/main103c8t6_1.o
 .group         0x0000000000000000        0xc ./Code/main103c8t6_1.o
 .group         0x0000000000000000        0xc ./Code/main103c8t6_1.o
 .group         0x0000000000000000        0xc ./Code/main103c8t6_1.o
 .group         0x0000000000000000        0xc ./Code/main103c8t6_1.o
 .group         0x0000000000000000        0xc ./Code/main103c8t6_1.o
 .group         0x0000000000000000        0xc ./Code/main103c8t6_1.o
 .group         0x0000000000000000        0xc ./Code/main103c8t6_1.o
 .group         0x0000000000000000        0xc ./Code/main103c8t6_1.o
 .text          0x0000000000000000        0x0 ./Code/main103c8t6_1.o
 .data          0x0000000000000000        0x0 ./Code/main103c8t6_1.o
 .bss           0x0000000000000000        0x0 ./Code/main103c8t6_1.o
 .rodata.PortA  0x0000000000000000        0x4 ./Code/main103c8t6_1.o
 .rodata.PortB  0x0000000000000000        0x4 ./Code/main103c8t6_1.o
 .rodata.PortC  0x0000000000000000        0x4 ./Code/main103c8t6_1.o
 .rodata.Rcc    0x0000000000000000        0x4 ./Code/main103c8t6_1.o
 .rodata.SysTimer
                0x0000000000000000        0x4 ./Code/main103c8t6_1.o
 .debug_macro   0x0000000000000000      0xb44 ./Code/main103c8t6_1.o
 .debug_macro   0x0000000000000000       0x2e ./Code/main103c8t6_1.o
 .debug_macro   0x0000000000000000       0x22 ./Code/main103c8t6_1.o
 .debug_macro   0x0000000000000000      0x34e ./Code/main103c8t6_1.o
 .debug_macro   0x0000000000000000       0x34 ./Code/main103c8t6_1.o
 .debug_macro   0x0000000000000000       0x34 ./Code/main103c8t6_1.o
 .debug_macro   0x0000000000000000     0xe90a ./Code/main103c8t6_1.o
 .debug_macro   0x0000000000000000       0x43 ./Code/main103c8t6_1.o
 .debug_macro   0x0000000000000000       0x22 ./Code/main103c8t6_1.o
 .debug_macro   0x0000000000000000       0x5e ./Code/main103c8t6_1.o
 .debug_macro   0x0000000000000000       0x18 ./Code/main103c8t6_1.o
 .debug_macro   0x0000000000000000       0x94 ./Code/main103c8t6_1.o
 .debug_macro   0x0000000000000000       0x35 ./Code/main103c8t6_1.o
 .debug_macro   0x0000000000000000       0x34 ./Code/main103c8t6_1.o
 .debug_macro   0x0000000000000000       0x57 ./Code/main103c8t6_1.o
 .debug_macro   0x0000000000000000       0x58 ./Code/main103c8t6_1.o
 .debug_macro   0x0000000000000000       0x1f ./Code/main103c8t6_1.o
 .debug_macro   0x0000000000000000       0x43 ./Code/main103c8t6_1.o
 .debug_macro   0x0000000000000000       0x20 ./Code/main103c8t6_1.o
 .debug_macro   0x0000000000000000      0x18e ./Code/main103c8t6_1.o
 .debug_macro   0x0000000000000000      0x35c ./Code/main103c8t6_1.o
 .debug_macro   0x0000000000000000       0x10 ./Code/main103c8t6_1.o
 .debug_macro   0x0000000000000000      0x16f ./Code/main103c8t6_1.o
 .debug_macro   0x0000000000000000       0x10 ./Code/main103c8t6_1.o
 .debug_macro   0x0000000000000000      0x3f4 ./Code/main103c8t6_1.o
 .debug_macro   0x0000000000000000       0x16 ./Code/main103c8t6_1.o
 .debug_macro   0x0000000000000000       0x16 ./Code/main103c8t6_1.o
 .debug_macro   0x0000000000000000       0x29 ./Code/main103c8t6_1.o
 .text          0x0000000000000000        0x0 e:/save/eclipse2a/gnu mcu eclipse/arm embedded gcc/8.2.1-1.4-20190214-0604/bin/../lib/gcc/arm-none-eabi/8.2.1/../../../../arm-none-eabi/lib/thumb/v7-m/nofp\libg.a(lib_a-errno.o)
 .data          0x0000000000000000        0x0 e:/save/eclipse2a/gnu mcu eclipse/arm embedded gcc/8.2.1-1.4-20190214-0604/bin/../lib/gcc/arm-none-eabi/8.2.1/../../../../arm-none-eabi/lib/thumb/v7-m/nofp\libg.a(lib_a-errno.o)
 .bss           0x0000000000000000        0x0 e:/save/eclipse2a/gnu mcu eclipse/arm embedded gcc/8.2.1-1.4-20190214-0604/bin/../lib/gcc/arm-none-eabi/8.2.1/../../../../arm-none-eabi/lib/thumb/v7-m/nofp\libg.a(lib_a-errno.o)
 .text.__errno  0x0000000000000000        0xc e:/save/eclipse2a/gnu mcu eclipse/arm embedded gcc/8.2.1-1.4-20190214-0604/bin/../lib/gcc/arm-none-eabi/8.2.1/../../../../arm-none-eabi/lib/thumb/v7-m/nofp\libg.a(lib_a-errno.o)
 .debug_frame   0x0000000000000000       0x20 e:/save/eclipse2a/gnu mcu eclipse/arm embedded gcc/8.2.1-1.4-20190214-0604/bin/../lib/gcc/arm-none-eabi/8.2.1/../../../../arm-none-eabi/lib/thumb/v7-m/nofp\libg.a(lib_a-errno.o)
 .ARM.attributes
                0x0000000000000000       0x2d e:/save/eclipse2a/gnu mcu eclipse/arm embedded gcc/8.2.1-1.4-20190214-0604/bin/../lib/gcc/arm-none-eabi/8.2.1/../../../../arm-none-eabi/lib/thumb/v7-m/nofp\libg.a(lib_a-errno.o)
 .text          0x0000000000000000        0x0 e:/save/eclipse2a/gnu mcu eclipse/arm embedded gcc/8.2.1-1.4-20190214-0604/bin/../lib/gcc/arm-none-eabi/8.2.1/../../../../arm-none-eabi/lib/thumb/v7-m/nofp\libg.a(lib_a-impure.o)
 .data          0x0000000000000000        0x0 e:/save/eclipse2a/gnu mcu eclipse/arm embedded gcc/8.2.1-1.4-20190214-0604/bin/../lib/gcc/arm-none-eabi/8.2.1/../../../../arm-none-eabi/lib/thumb/v7-m/nofp\libg.a(lib_a-impure.o)
 .bss           0x0000000000000000        0x0 e:/save/eclipse2a/gnu mcu eclipse/arm embedded gcc/8.2.1-1.4-20190214-0604/bin/../lib/gcc/arm-none-eabi/8.2.1/../../../../arm-none-eabi/lib/thumb/v7-m/nofp\libg.a(lib_a-impure.o)
 .data._impure_ptr
                0x0000000000000000        0x4 e:/save/eclipse2a/gnu mcu eclipse/arm embedded gcc/8.2.1-1.4-20190214-0604/bin/../lib/gcc/arm-none-eabi/8.2.1/../../../../arm-none-eabi/lib/thumb/v7-m/nofp\libg.a(lib_a-impure.o)
 .data.impure_data
                0x0000000000000000      0x428 e:/save/eclipse2a/gnu mcu eclipse/arm embedded gcc/8.2.1-1.4-20190214-0604/bin/../lib/gcc/arm-none-eabi/8.2.1/../../../../arm-none-eabi/lib/thumb/v7-m/nofp\libg.a(lib_a-impure.o)
 .rodata._global_impure_ptr
                0x0000000000000000        0x4 e:/save/eclipse2a/gnu mcu eclipse/arm embedded gcc/8.2.1-1.4-20190214-0604/bin/../lib/gcc/arm-none-eabi/8.2.1/../../../../arm-none-eabi/lib/thumb/v7-m/nofp\libg.a(lib_a-impure.o)
 .ARM.attributes
                0x0000000000000000       0x2d e:/save/eclipse2a/gnu mcu eclipse/arm embedded gcc/8.2.1-1.4-20190214-0604/bin/../lib/gcc/arm-none-eabi/8.2.1/../../../../arm-none-eabi/lib/thumb/v7-m/nofp\libg.a(lib_a-impure.o)

Memory Configuration

Name             Origin             Length             Attributes
RAM              0x0000000020000000 0x0000000000005000 xrw
CCMRAM           0x0000000000000000 0x0000000000000000 xrw
FLASH            0x0000000008000000 0x0000000000010000 xr
FLASHB1          0x0000000000000000 0x0000000000000000 xr
EXTMEMB0         0x0000000000000000 0x0000000000000000 xr
EXTMEMB1         0x0000000000000000 0x0000000000000000 xr
EXTMEMB2         0x0000000000000000 0x0000000000000000 xr
EXTMEMB3         0x0000000000000000 0x0000000000000000 xr
MEMORY_ARRAY     0x0000000000000000 0x0000000000000000 xrw
*default*        0x0000000000000000 0xffffffffffffffff

Linker script and memory map

LOAD ./System/Source/cortexm/_initialize_hardware.o
LOAD ./System/Source/cortexm/_reset_hardware.o
LOAD ./System/Source/cortexm/exception_handlers.o
LOAD ./System/Source/Newlib/_cxx.o
LOAD ./System/Source/Newlib/_exit.o
LOAD ./System/Source/Newlib/_sbrk.o
LOAD ./System/Source/Newlib/_startup.o
LOAD ./System/Source/Newlib/_syscalls.o
LOAD ./System/Source/Newlib/assert.o
LOAD ./System/Source/Cmsis/system_stm32f10x.o
LOAD ./System/Source/Cmsis/vectors_stm32f10x.o
LOAD ./Code/main103c8t6_1.o
LOAD e:/save/eclipse2a/gnu mcu eclipse/arm embedded gcc/8.2.1-1.4-20190214-0604/bin/../lib/gcc/arm-none-eabi/8.2.1/../../../../arm-none-eabi/lib/thumb/v7-m/nofp\libstdc++.a
LOAD e:/save/eclipse2a/gnu mcu eclipse/arm embedded gcc/8.2.1-1.4-20190214-0604/bin/../lib/gcc/arm-none-eabi/8.2.1/../../../../arm-none-eabi/lib/thumb/v7-m/nofp\libm.a
START GROUP
LOAD e:/save/eclipse2a/gnu mcu eclipse/arm embedded gcc/8.2.1-1.4-20190214-0604/bin/../lib/gcc/arm-none-eabi/8.2.1/thumb/v7-m/nofp\libgcc.a
LOAD e:/save/eclipse2a/gnu mcu eclipse/arm embedded gcc/8.2.1-1.4-20190214-0604/bin/../lib/gcc/arm-none-eabi/8.2.1/../../../../arm-none-eabi/lib/thumb/v7-m/nofp\libg.a
LOAD e:/save/eclipse2a/gnu mcu eclipse/arm embedded gcc/8.2.1-1.4-20190214-0604/bin/../lib/gcc/arm-none-eabi/8.2.1/../../../../arm-none-eabi/lib/thumb/v7-m/nofp\libc.a
END GROUP
                0x0000000020005000                __stack = (ORIGIN (RAM) + LENGTH (RAM))
                0x0000000020005000                _estack = __stack
                0x0000000000000400                __Main_Stack_Size = 0x400
                [!provide]                        PROVIDE (_Main_Stack_Size = __Main_Stack_Size)
                0x0000000020004c00                __Main_Stack_Limit = (__stack - __Main_Stack_Size)
                [!provide]                        PROVIDE (_Main_Stack_Limit = __Main_Stack_Limit)
                0x0000000000000100                _Minimum_Stack_Size = 0x100
                0x0000000020000040                PROVIDE (_Heap_Begin = _end_noinit)
                0x0000000020004c00                PROVIDE (_Heap_Limit = (__stack - __Main_Stack_Size))

.isr_vector     0x0000000008000000      0x284
 FILL mask 0xff
                0x0000000008000000                __vectors_start = ABSOLUTE (.)
                0x0000000008000000                __vectors_start__ = ABSOLUTE (.)
 *(.isr_vector)
 .isr_vector    0x0000000008000000      0x10c ./System/Source/Cmsis/vectors_stm32f10x.o
                0x0000000008000000                __isr_vectors
 *(.cfmconfig)
 *(.after_vectors .after_vectors.*)
 .after_vectors
                0x000000000800010c       0x70 ./System/Source/cortexm/exception_handlers.o
                0x000000000800010c                Reset_Handler
                0x0000000008000112                NMI_Handler
                0x0000000008000116                HardFault_Handler
                0x000000000800012a                HardFault_Handler_C
                0x000000000800012e                MemManage_Handler
                0x0000000008000132                BusFault_Handler
                0x0000000008000146                BusFault_Handler_C
                0x000000000800014a                UsageFault_Handler
                0x000000000800015e                UsageFault_Handler_C
                0x0000000008000162                SVC_Handler
                0x0000000008000166                DebugMon_Handler
                0x000000000800016a                PendSV_Handler
 .after_vectors
                0x000000000800017c      0x104 ./System/Source/Newlib/_startup.o
                0x000000000800017c                _start
 .after_vectors
                0x0000000008000280        0x4 ./System/Source/Cmsis/vectors_stm32f10x.o
                0x0000000008000280                EXTI2_IRQHandler
                0x0000000008000280                TIM8_TRG_COM_IRQHandler
                0x0000000008000280                TIM8_CC_IRQHandler
                0x0000000008000280                TIM1_CC_IRQHandler
                0x0000000008000280                TIM6_IRQHandler
                0x0000000008000280                PVD_IRQHandler
                0x0000000008000280                SDIO_IRQHandler
                0x0000000008000280                CAN2_RX1_IRQHandler
                0x0000000008000280                EXTI3_IRQHandler
                0x0000000008000280                TIM8_TRG_COM_TIM14_IRQHandler
                0x0000000008000280                TIM1_UP_TIM10_IRQHandler
                0x0000000008000280                TIM8_UP_TIM13_IRQHandler
                0x0000000008000280                EXTI0_IRQHandler
                0x0000000008000280                I2C2_EV_IRQHandler
                0x0000000008000280                CAN1_RX0_IRQHandler
                0x0000000008000280                TIM1_UP_TIM16_IRQHandler
                0x0000000008000280                CAN2_SCE_IRQHandler
                0x0000000008000280                ADC1_2_IRQHandler
                0x0000000008000280                SPI1_IRQHandler
                0x0000000008000280                TAMPER_IRQHandler
                0x0000000008000280                TIM6_DAC_IRQHandler
                0x0000000008000280                TIM1_BRK_TIM9_IRQHandler
                0x0000000008000280                CAN2_RX0_IRQHandler
                0x0000000008000280                TIM8_UP_IRQHandler
                0x0000000008000280                DMA2_Channel2_IRQHandler
                0x0000000008000280                DMA1_Channel4_IRQHandler
                0x0000000008000280                USART3_IRQHandler
                0x0000000008000280                RTC_IRQHandler
                0x0000000008000280                DMA1_Channel7_IRQHandler
                0x0000000008000280                CAN1_RX1_IRQHandler
                0x0000000008000280                UART5_IRQHandler
                0x0000000008000280                ADC3_IRQHandler
                0x0000000008000280                TIM4_IRQHandler
                0x0000000008000280                DMA2_Channel1_IRQHandler
                0x0000000008000280                I2C1_EV_IRQHandler
                0x0000000008000280                DMA1_Channel6_IRQHandler
                0x0000000008000280                UART4_IRQHandler
                0x0000000008000280                DMA2_Channel4_IRQHandler
                0x0000000008000280                TIM3_IRQHandler
                0x0000000008000280                RCC_IRQHandler
                0x0000000008000280                TIM8_BRK_TIM12_IRQHandler
                0x0000000008000280                TIM1_TRG_COM_IRQHandler
                0x0000000008000280                DMA1_Channel1_IRQHandler
                0x0000000008000280                Default_Handler
                0x0000000008000280                CEC_IRQHandler
                0x0000000008000280                EXTI15_10_IRQHandler
                0x0000000008000280                TIM14_IRQHandler
                0x0000000008000280                TIM13_IRQHandler
                0x0000000008000280                TIM12_IRQHandler
                0x0000000008000280                TIM7_IRQHandler
                0x0000000008000280                CAN2_TX_IRQHandler
                0x0000000008000280                TIM5_IRQHandler
                0x0000000008000280                EXTI9_5_IRQHandler
                0x0000000008000280                ETH_WKUP_IRQHandler
                0x0000000008000280                SPI2_IRQHandler
                0x0000000008000280                CAN1_TX_IRQHandler
                0x0000000008000280                DMA2_Channel5_IRQHandler
                0x0000000008000280                DMA1_Channel5_IRQHandler
                0x0000000008000280                EXTI4_IRQHandler
                0x0000000008000280                USB_LP_CAN1_RX0_IRQHandler
                0x0000000008000280                TIM1_TRG_COM_TIM17_IRQHandler
                0x0000000008000280                USB_HP_CAN1_TX_IRQHandler
                0x0000000008000280                DMA1_Channel3_IRQHandler
                0x0000000008000280                FSMC_IRQHandler
                0x0000000008000280                ETH_IRQHandler
                0x0000000008000280                TIM1_UP_IRQHandler
                0x0000000008000280                WWDG_IRQHandler
                0x0000000008000280                TIM2_IRQHandler
                0x0000000008000280                OTG_FS_WKUP_IRQHandler
                0x0000000008000280                TIM1_TRG_COM_TIM11_IRQHandler
                0x0000000008000280                TIM1_BRK_IRQHandler
                0x0000000008000280                EXTI1_IRQHandler
                0x0000000008000280                RTCAlarm_IRQHandler
                0x0000000008000280                DMA2_Channel4_5_IRQHandler
                0x0000000008000280                USART2_IRQHandler
                0x0000000008000280                I2C2_ER_IRQHandler
                0x0000000008000280                DMA1_Channel2_IRQHandler
                0x0000000008000280                TIM8_BRK_IRQHandler
                0x0000000008000280                CAN1_SCE_IRQHandler
                0x0000000008000280                FLASH_IRQHandler
                0x0000000008000280                USART1_IRQHandler
                0x0000000008000280                OTG_FS_IRQHandler
                0x0000000008000280                SPI3_IRQHandler
                0x0000000008000280                I2C1_ER_IRQHandler
                0x0000000008000280                USBWakeUp_IRQHandler
                0x0000000008000280                DMA2_Channel3_IRQHandler
                0x0000000008000280                TIM1_BRK_TIM15_IRQHandler

.inits          0x0000000008000284       0x28
                0x0000000008000284                __data_regions_array_start = .
                0x0000000008000284        0x4 LONG 0x80006a0 LOADADDR (.data)
                0x0000000008000288        0x4 LONG 0x20000000 ADDR (.data)
                0x000000000800028c        0x4 LONG 0x20000028 (ADDR (.data) + SIZEOF (.data))
                0x0000000008000290        0x4 LONG 0x80006a0 LOADADDR (.data_CCMRAM)
                0x0000000008000294        0x4 LONG 0x0 ADDR (.data_CCMRAM)
                0x0000000008000298        0x4 LONG 0x0 (ADDR (.data_CCMRAM) + SIZEOF (.data_CCMRAM))
                0x000000000800029c                __data_regions_array_end = .
                0x000000000800029c                __bss_regions_array_start = .
                0x000000000800029c        0x4 LONG 0x20000028 ADDR (.bss)
                0x00000000080002a0        0x4 LONG 0x20000040 (ADDR (.bss) + SIZEOF (.bss))
                0x00000000080002a4        0x4 LONG 0x0 ADDR (.bss_CCMRAM)
                0x00000000080002a8        0x4 LONG 0x0 (ADDR (.bss_CCMRAM) + SIZEOF (.bss_CCMRAM))
                0x00000000080002ac                __bss_regions_array_end = .
 *(.init)
 *(.fini)
                0x00000000080002ac                . = ALIGN (0x4)
                0x00000000080002ac                PROVIDE (__preinit_array_start = .)
 *(.preinit_array_sysinit .preinit_array_sysinit.*)
 *(.preinit_array_platform .preinit_array_platform.*)
 *(.preinit_array .preinit_array.*)
                0x00000000080002ac                PROVIDE (__preinit_array_end = .)
                0x00000000080002ac                . = ALIGN (0x4)
                0x00000000080002ac                PROVIDE (__init_array_start = .)
 *(SORT_BY_NAME(.init_array.*))
 *(.init_array)
                0x00000000080002ac                PROVIDE (__init_array_end = .)
                0x00000000080002ac                . = ALIGN (0x4)
                0x00000000080002ac                PROVIDE (__fini_array_start = .)
 *(SORT_BY_NAME(.fini_array.*))
 *(.fini_array)
                0x00000000080002ac                PROVIDE (__fini_array_end = .)

.flashtext
 *(.flashtext .flashtext.*)

.text           0x00000000080002ac      0x3f4
 *(.text .text.*)
 .text.__initialize_hardware_early
                0x00000000080002ac       0x18 ./System/Source/cortexm/_initialize_hardware.o
                0x00000000080002ac                __initialize_hardware_early
 .text.__initialize_hardware
                0x00000000080002c4        0x8 ./System/Source/cortexm/_initialize_hardware.o
                0x00000000080002c4                __initialize_hardware
 .text._exit    0x00000000080002cc        0x2 ./System/Source/Newlib/_exit.o
                0x00000000080002cc                _exit
 *fill*         0x00000000080002ce        0x2 
 .text.SetSysClockTo72
                0x00000000080002d0       0xc4 ./System/Source/Cmsis/system_stm32f10x.o
 .text.SetSysClock
                0x0000000008000394        0x8 ./System/Source/Cmsis/system_stm32f10x.o
 .text.SystemInit
                0x000000000800039c       0x50 ./System/Source/Cmsis/system_stm32f10x.o
                0x000000000800039c                SystemInit
 .text.SystemCoreClockUpdate
                0x00000000080003ec       0x94 ./System/Source/Cmsis/system_stm32f10x.o
                0x00000000080003ec                SystemCoreClockUpdate
 .text.main     0x0000000008000480      0x210 ./Code/main103c8t6_1.o
                0x0000000008000480                main
 .text.SysTick_Handler
                0x0000000008000690       0x10 ./Code/main103c8t6_1.o
                0x0000000008000690                SysTick_Handler
 *(.rodata .rodata.* .constdata .constdata.*)
 *(vtable)
 *(.eh_frame*)
 *(.glue_7)
 .glue_7        0x00000000080006a0        0x0 linker stubs
 *(.glue_7t)
 .glue_7t       0x00000000080006a0        0x0 linker stubs

.vfp11_veneer   0x00000000080006a0        0x0
 .vfp11_veneer  0x00000000080006a0        0x0 linker stubs

.v4_bx          0x00000000080006a0        0x0
 .v4_bx         0x00000000080006a0        0x0 linker stubs

.iplt           0x00000000080006a0        0x0
 .iplt          0x00000000080006a0        0x0 ./System/Source/cortexm/_initialize_hardware.o

.rel.dyn        0x00000000080006a0        0x0
 .rel.iplt      0x00000000080006a0        0x0 ./System/Source/cortexm/_initialize_hardware.o

.ARM.extab
 *(.ARM.extab* .gnu.linkonce.armextab.*)
                0x00000000080006a0                . = ALIGN (0x4)
                0x00000000080006a0                __exidx_start = .

.ARM.exidx
 *(.ARM.exidx* .gnu.linkonce.armexidx.*)
                0x00000000080006a0                __exidx_end = .
                0x00000000080006a0                . = ALIGN (0x4)
                0x00000000080006a0                _etext = .
                0x00000000080006a0                __etext = .

.data_CCMRAM    0x0000000000000000        0x0 load address 0x00000000080006a0
 FILL mask 0xff
 *(.data.CCMRAM .data.CCMRAM.*)
                0x0000000000000000                . = ALIGN (0x4)
                0x00000000080006a0                _sidata = LOADADDR (.data)

.data           0x0000000020000000       0x28 load address 0x00000000080006a0
 FILL mask 0xff
                0x0000000020000000                _sdata = .
                0x0000000020000000                __data_start__ = .
 *(.data_begin .data_begin.*)
 .data_begin    0x0000000020000000        0x4 ./System/Source/Newlib/_startup.o
 *(.data .data.*)
 .data.AHBPrescTable
                0x0000000020000004       0x10 ./System/Source/Cmsis/system_stm32f10x.o
                0x0000000020000004                AHBPrescTable
 .data.SystemCoreClock
                0x0000000020000014        0x4 ./System/Source/Cmsis/system_stm32f10x.o
                0x0000000020000014                SystemCoreClock
 .data.RoadSign1
                0x0000000020000018        0xc ./Code/main103c8t6_1.o
                0x0000000020000018                RoadSign1
 *(.data_end .data_end.*)
 .data_end      0x0000000020000024        0x4 ./System/Source/Newlib/_startup.o
                0x0000000020000028                . = ALIGN (0x4)
                0x0000000020000028                _edata = .
                0x0000000020000028                __data_end__ = .

.igot.plt       0x0000000020000028        0x0 load address 0x00000000080006c8
 .igot.plt      0x0000000020000028        0x0 ./System/Source/cortexm/_initialize_hardware.o

.bss_CCMRAM     0x0000000000000000        0x0
 *(.bss.CCMRAM .bss.CCMRAM.*)

.bss            0x0000000020000028       0x18
                0x0000000020000028                __bss_start__ = .
                0x0000000020000028                _sbss = .
 *(.bss_begin .bss_begin.*)
 .bss_begin     0x0000000020000028        0x4 ./System/Source/Newlib/_startup.o
 *(.bss .bss.*)
 .bss._ZN13TSysTickTimer4TickE
                0x000000002000002c        0x4 ./Code/main103c8t6_1.o
                0x000000002000002c                TSysTickTimer::Tick
 .bss.ledtick   0x0000000020000030        0x4 ./Code/main103c8t6_1.o
                0x0000000020000030                ledtick
 .bss.signstate
                0x0000000020000034        0x1 ./Code/main103c8t6_1.o
                0x0000000020000034                signstate
 *fill*         0x0000000020000035        0x3 
 .bss.signtick  0x0000000020000038        0x4 ./Code/main103c8t6_1.o
                0x0000000020000038                signtick
 *(COMMON)
 *(.bss_end .bss_end.*)
 .bss_end       0x000000002000003c        0x4 ./System/Source/Newlib/_startup.o
                0x0000000020000040                . = ALIGN (0x4)
                0x0000000020000040                __bss_end__ = .
                0x0000000020000040                _ebss = .

.noinit_CCMRAM
 *(.noinit.CCMRAM .noinit.CCMRAM.*)

.noinit         0x0000000020000040        0x0
                0x0000000020000040                _noinit = .
 *(.noinit .noinit.*)
                0x0000000020000040                . = ALIGN (0x4)
                0x0000000020000040                _end_noinit = .
                [!provide]                        PROVIDE (end = _end_noinit)
                [!provide]                        PROVIDE (_end = _end_noinit)
                [!provide]                        PROVIDE (__end = _end_noinit)
                [!provide]                        PROVIDE (__end__ = _end_noinit)

._check_stack   0x0000000020000040      0x100
                0x0000000020000140                . = (. + _Minimum_Stack_Size)
 *fill*         0x0000000020000040      0x100 

.b1text
 *(.b1text)
 *(.b1rodata)
 *(.b1rodata.*)

.eb0text
 *(.eb0text)
 *(.eb0rodata)
 *(.eb0rodata.*)

.eb1text
 *(.eb1text)
 *(.eb1rodata)
 *(.eb1rodata.*)

.eb2text
 *(.eb2text)
 *(.eb2rodata)
 *(.eb2rodata.*)

.eb3text
 *(.eb3text)
 *(.eb3rodata)
 *(.eb3rodata.*)

.stab
 *(.stab)

.stabstr
 *(.stabstr)

.stab.excl
 *(.stab.excl)

.stab.exclstr
 *(.stab.exclstr)

.stab.index
 *(.stab.index)

.stab.indexstr
 *(.stab.indexstr)

.comment        0x0000000000000000       0x68
 *(.comment)
 .comment       0x0000000000000000       0x68 ./System/Source/cortexm/_initialize_hardware.o
                                         0x69 (size before relaxing)
 .comment       0x0000000000000068       0x69 ./System/Source/cortexm/exception_handlers.o
 .comment       0x0000000000000068       0x69 ./System/Source/Newlib/_exit.o
 .comment       0x0000000000000068       0x69 ./System/Source/Newlib/_startup.o
 .comment       0x0000000000000068       0x69 ./System/Source/Cmsis/system_stm32f10x.o
 .comment       0x0000000000000068       0x69 ./System/Source/Cmsis/vectors_stm32f10x.o
 .comment       0x0000000000000068       0x69 ./Code/main103c8t6_1.o

.ARM.attributes
                0x0000000000000000       0x2d
 .ARM.attributes
                0x0000000000000000       0x2d ./System/Source/cortexm/_initialize_hardware.o
 .ARM.attributes
                0x000000000000002d       0x2d ./System/Source/cortexm/exception_handlers.o
 .ARM.attributes
                0x000000000000005a       0x2d ./System/Source/Newlib/_exit.o
 .ARM.attributes
                0x0000000000000087       0x2d ./System/Source/Newlib/_startup.o
 .ARM.attributes
                0x00000000000000b4       0x2d ./System/Source/Cmsis/system_stm32f10x.o
 .ARM.attributes
                0x00000000000000e1       0x2d ./System/Source/Cmsis/vectors_stm32f10x.o
 .ARM.attributes
                0x000000000000010e       0x2d ./Code/main103c8t6_1.o

.debug
 *(.debug)

.line
 *(.line)

.debug_srcinfo
 *(.debug_srcinfo)

.debug_sfnames
 *(.debug_sfnames)

.debug_aranges  0x0000000000000000      0x190
 *(.debug_aranges)
 .debug_aranges
                0x0000000000000000       0x28 ./System/Source/cortexm/_initialize_hardware.o
 .debug_aranges
                0x0000000000000028       0x80 ./System/Source/cortexm/exception_handlers.o
 .debug_aranges
                0x00000000000000a8       0x28 ./System/Source/Newlib/_exit.o
 .debug_aranges
                0x00000000000000d0       0x40 ./System/Source/Newlib/_startup.o
 .debug_aranges
                0x0000000000000110       0x38 ./System/Source/Cmsis/system_stm32f10x.o
 .debug_aranges
                0x0000000000000148       0x20 ./System/Source/Cmsis/vectors_stm32f10x.o
 .debug_aranges
                0x0000000000000168       0x28 ./Code/main103c8t6_1.o

.debug_pubnames
 *(.debug_pubnames)

.debug_info     0x0000000000000000     0x659e
 *(.debug_info .gnu.linkonce.wi.*)
 .debug_info    0x0000000000000000      0x327 ./System/Source/cortexm/_initialize_hardware.o
 .debug_info    0x0000000000000327      0xba4 ./System/Source/cortexm/exception_handlers.o
 .debug_info    0x0000000000000ecb      0x972 ./System/Source/Newlib/_exit.o
 .debug_info    0x000000000000183d      0x466 ./System/Source/Newlib/_startup.o
 .debug_info    0x0000000000001ca3      0x508 ./System/Source/Cmsis/system_stm32f10x.o
 .debug_info    0x00000000000021ab       0xce ./System/Source/Cmsis/vectors_stm32f10x.o
 .debug_info    0x0000000000002279     0x4325 ./Code/main103c8t6_1.o

.debug_abbrev   0x0000000000000000      0xf43
 *(.debug_abbrev)
 .debug_abbrev  0x0000000000000000       0xfc ./System/Source/cortexm/_initialize_hardware.o
 .debug_abbrev  0x00000000000000fc      0x26e ./System/Source/cortexm/exception_handlers.o
 .debug_abbrev  0x000000000000036a      0x21c ./System/Source/Newlib/_exit.o
 .debug_abbrev  0x0000000000000586      0x1a5 ./System/Source/Newlib/_startup.o
 .debug_abbrev  0x000000000000072b      0x18a ./System/Source/Cmsis/system_stm32f10x.o
 .debug_abbrev  0x00000000000008b5       0xa5 ./System/Source/Cmsis/vectors_stm32f10x.o
 .debug_abbrev  0x000000000000095a      0x5e9 ./Code/main103c8t6_1.o

.debug_line     0x0000000000000000     0x1ce4
 *(.debug_line)
 .debug_line    0x0000000000000000      0x1a0 ./System/Source/cortexm/_initialize_hardware.o
 .debug_line    0x00000000000001a0      0x4cd ./System/Source/cortexm/exception_handlers.o
 .debug_line    0x000000000000066d      0x2e0 ./System/Source/Newlib/_exit.o
 .debug_line    0x000000000000094d      0x5c3 ./System/Source/Newlib/_startup.o
 .debug_line    0x0000000000000f10      0x3be ./System/Source/Cmsis/system_stm32f10x.o
 .debug_line    0x00000000000012ce      0x128 ./System/Source/Cmsis/vectors_stm32f10x.o
 .debug_line    0x00000000000013f6      0x8ee ./Code/main103c8t6_1.o

.debug_frame    0x0000000000000000      0x298
 *(.debug_frame)
 .debug_frame   0x0000000000000000       0x40 ./System/Source/cortexm/_initialize_hardware.o
 .debug_frame   0x0000000000000040       0xe8 ./System/Source/cortexm/exception_handlers.o
 .debug_frame   0x0000000000000128       0x38 ./System/Source/Newlib/_exit.o
 .debug_frame   0x0000000000000160       0x7c ./System/Source/Newlib/_startup.o
 .debug_frame   0x00000000000001dc       0x6c ./System/Source/Cmsis/system_stm32f10x.o
 .debug_frame   0x0000000000000248       0x20 ./System/Source/Cmsis/vectors_stm32f10x.o
 .debug_frame   0x0000000000000268       0x30 ./Code/main103c8t6_1.o

.debug_str      0x0000000000000000    0x5f03e
 *(.debug_str)
 .debug_str     0x0000000000000000    0x554bc ./System/Source/cortexm/_initialize_hardware.o
                                      0x556ee (size before relaxing)
 .debug_str     0x00000000000554bc     0x32e8 ./System/Source/cortexm/exception_handlers.o
                                      0x589c9 (size before relaxing)
 .debug_str     0x00000000000587a4      0x11d ./System/Source/Newlib/_exit.o
                                       0x6196 (size before relaxing)
 .debug_str     0x00000000000588c1      0xec0 ./System/Source/Newlib/_startup.o
                                       0x695f (size before relaxing)
 .debug_str     0x0000000000059781      0x12d ./System/Source/Cmsis/system_stm32f10x.o
                                      0x557ba (size before relaxing)
 .debug_str     0x00000000000598ae       0x5a ./System/Source/Cmsis/vectors_stm32f10x.o
                                       0x3914 (size before relaxing)
 .debug_str     0x0000000000059908     0x5736 ./Code/main103c8t6_1.o
                                      0x5e11a (size before relaxing)

.debug_loc      0x0000000000000000      0x50b
 *(.debug_loc)
 .debug_loc     0x0000000000000000       0x15 ./System/Source/Newlib/_exit.o
 .debug_loc     0x0000000000000015      0x284 ./System/Source/Newlib/_startup.o
 .debug_loc     0x0000000000000299       0xff ./System/Source/Cmsis/system_stm32f10x.o
 .debug_loc     0x0000000000000398      0x173 ./Code/main103c8t6_1.o

.debug_macinfo
 *(.debug_macinfo)

.debug_weaknames
 *(.debug_weaknames)

.debug_funcnames
 *(.debug_funcnames)

.debug_typenames
 *(.debug_typenames)

.debug_varnames
 *(.debug_varnames)
OUTPUT(f103c8t6_1a.elf elf32-littlearm)

.debug_ranges   0x0000000000000000      0x138
 .debug_ranges  0x0000000000000000       0x18 ./System/Source/cortexm/_initialize_hardware.o
 .debug_ranges  0x0000000000000018       0x70 ./System/Source/cortexm/exception_handlers.o
 .debug_ranges  0x0000000000000088       0x18 ./System/Source/Newlib/_exit.o
 .debug_ranges  0x00000000000000a0       0x48 ./System/Source/Newlib/_startup.o
 .debug_ranges  0x00000000000000e8       0x28 ./System/Source/Cmsis/system_stm32f10x.o
 .debug_ranges  0x0000000000000110       0x10 ./System/Source/Cmsis/vectors_stm32f10x.o
 .debug_ranges  0x0000000000000120       0x18 ./Code/main103c8t6_1.o

.debug_macro    0x0000000000000000    0x12b3b
 .debug_macro   0x0000000000000000       0x80 ./System/Source/cortexm/_initialize_hardware.o
 .debug_macro   0x0000000000000080      0xaa2 ./System/Source/cortexm/_initialize_hardware.o
 .debug_macro   0x0000000000000b22       0x2e ./System/Source/cortexm/_initialize_hardware.o
 .debug_macro   0x0000000000000b50       0x22 ./System/Source/cortexm/_initialize_hardware.o
 .debug_macro   0x0000000000000b72      0x34e ./System/Source/cortexm/_initialize_hardware.o
 .debug_macro   0x0000000000000ec0       0x34 ./System/Source/cortexm/_initialize_hardware.o
 .debug_macro   0x0000000000000ef4       0x34 ./System/Source/cortexm/_initialize_hardware.o
 .debug_macro   0x0000000000000f28      0xb8e ./System/Source/cortexm/_initialize_hardware.o
 .debug_macro   0x0000000000001ab6     0xe90a ./System/Source/cortexm/_initialize_hardware.o
 .debug_macro   0x00000000000103c0       0x43 ./System/Source/cortexm/_initialize_hardware.o
 .debug_macro   0x0000000000010403      0x16c ./System/Source/cortexm/exception_handlers.o
 .debug_macro   0x000000000001056f       0x3a ./System/Source/cortexm/exception_handlers.o
 .debug_macro   0x00000000000105a9       0x22 ./System/Source/cortexm/exception_handlers.o
 .debug_macro   0x00000000000105cb       0x5e ./System/Source/cortexm/exception_handlers.o
 .debug_macro   0x0000000000010629       0x18 ./System/Source/cortexm/exception_handlers.o
 .debug_macro   0x0000000000010641       0x94 ./System/Source/cortexm/exception_handlers.o
 .debug_macro   0x00000000000106d5       0x35 ./System/Source/cortexm/exception_handlers.o
 .debug_macro   0x000000000001070a       0x34 ./System/Source/cortexm/exception_handlers.o
 .debug_macro   0x000000000001073e      0x174 ./System/Source/cortexm/exception_handlers.o
 .debug_macro   0x00000000000108b2       0x57 ./System/Source/cortexm/exception_handlers.o
 .debug_macro   0x0000000000010909       0x58 ./System/Source/cortexm/exception_handlers.o
 .debug_macro   0x0000000000010961       0x1f ./System/Source/cortexm/exception_handlers.o
 .debug_macro   0x0000000000010980       0x43 ./System/Source/cortexm/exception_handlers.o
 .debug_macro   0x00000000000109c3       0x20 ./System/Source/cortexm/exception_handlers.o
 .debug_macro   0x00000000000109e3      0x18e ./System/Source/cortexm/exception_handlers.o
 .debug_macro   0x0000000000010b71      0x339 ./System/Source/cortexm/exception_handlers.o
 .debug_macro   0x0000000000010eaa       0x10 ./System/Source/cortexm/exception_handlers.o
 .debug_macro   0x0000000000010eba       0x35 ./System/Source/cortexm/exception_handlers.o
 .debug_macro   0x0000000000010eef       0xf6 ./System/Source/Newlib/_exit.o
 .debug_macro   0x0000000000010fe5      0x10e ./System/Source/Newlib/_exit.o
 .debug_macro   0x00000000000110f3       0x8d ./System/Source/Newlib/_exit.o
 .debug_macro   0x0000000000011180      0x173 ./System/Source/Newlib/_startup.o
 .debug_macro   0x00000000000112f3       0x94 ./System/Source/Cmsis/system_stm32f10x.o
 .debug_macro   0x0000000000011387       0x34 ./System/Source/Cmsis/vectors_stm32f10x.o
 .debug_macro   0x00000000000113bb      0x253 ./Code/main103c8t6_1.o
 .debug_macro   0x000000000001160e      0xb8e ./Code/main103c8t6_1.o
 .debug_macro   0x000000000001219c       0x12 ./Code/main103c8t6_1.o
 .debug_macro   0x00000000000121ae      0x17b ./Code/main103c8t6_1.o
 .debug_macro   0x0000000000012329       0x35 ./Code/main103c8t6_1.o
 .debug_macro   0x000000000001235e       0x18 ./Code/main103c8t6_1.o
 .debug_macro   0x0000000000012376      0x1da ./Code/main103c8t6_1.o
 .debug_macro   0x0000000000012550       0x10 ./Code/main103c8t6_1.o
 .debug_macro   0x0000000000012560       0x10 ./Code/main103c8t6_1.o
 .debug_macro   0x0000000000012570      0x3c7 ./Code/main103c8t6_1.o
 .debug_macro   0x0000000000012937       0xe4 ./Code/main103c8t6_1.o
 .debug_macro   0x0000000000012a1b      0x120 ./Code/main103c8t6_1.o
