Archive member included to satisfy reference by file (symbol)

e:/save/eclipse2a/gnu mcu eclipse/arm embedded gcc/8.2.1-1.4-20190214-0604/bin/../lib/gcc/arm-none-eabi/8.2.1/../../../../arm-none-eabi/lib/thumb/v7-m/nofp\libg.a(lib_a-errno.o)
                              ./System/Source/Newlib/_sbrk.o (__errno)
e:/save/eclipse2a/gnu mcu eclipse/arm embedded gcc/8.2.1-1.4-20190214-0604/bin/../lib/gcc/arm-none-eabi/8.2.1/../../../../arm-none-eabi/lib/thumb/v7-m/nofp\libg.a(lib_a-impure.o)
                              e:/save/eclipse2a/gnu mcu eclipse/arm embedded gcc/8.2.1-1.4-20190214-0604/bin/../lib/gcc/arm-none-eabi/8.2.1/../../../../arm-none-eabi/lib/thumb/v7-m/nofp\libg.a(lib_a-errno.o) (_impure_ptr)

Allocating common symbols
Common symbol       size              file

errno               0x4               ./System/Source/Newlib/_syscalls.o

Discarded input sections

 .group         0x0000000000000000        0xc ./System/Source/cortexm/_initialize_hardware.o
 .group         0x0000000000000000        0xc ./System/Source/cortexm/_initialize_hardware.o
 .group         0x0000000000000000        0xc ./System/Source/cortexm/_initialize_hardware.o
 .group         0x0000000000000000        0xc ./System/Source/cortexm/_initialize_hardware.o
 .group         0x0000000000000000        0xc ./System/Source/cortexm/_initialize_hardware.o
 .group         0x0000000000000000        0xc ./System/Source/cortexm/_initialize_hardware.o
 .group         0x0000000000000000        0xc ./System/Source/cortexm/_initialize_hardware.o
 .group         0x0000000000000000        0xc ./System/Source/cortexm/_initialize_hardware.o
 .group         0x0000000000000000        0xc ./System/Source/cortexm/_initialize_hardware.o
 .text          0x0000000000000000        0x0 ./System/Source/cortexm/_initialize_hardware.o
 .data          0x0000000000000000        0x0 ./System/Source/cortexm/_initialize_hardware.o
 .bss           0x0000000000000000        0x0 ./System/Source/cortexm/_initialize_hardware.o
 .group         0x0000000000000000        0xc ./System/Source/cortexm/_reset_hardware.o
 .group         0x0000000000000000        0xc ./System/Source/cortexm/_reset_hardware.o
 .group         0x0000000000000000        0xc ./System/Source/cortexm/_reset_hardware.o
 .group         0x0000000000000000        0xc ./System/Source/cortexm/_reset_hardware.o
 .group         0x0000000000000000        0xc ./System/Source/cortexm/_reset_hardware.o
 .group         0x0000000000000000        0xc ./System/Source/cortexm/_reset_hardware.o
 .group         0x0000000000000000        0xc ./System/Source/cortexm/_reset_hardware.o
 .group         0x0000000000000000        0xc ./System/Source/cortexm/_reset_hardware.o
 .group         0x0000000000000000        0xc ./System/Source/cortexm/_reset_hardware.o
 .text          0x0000000000000000        0x0 ./System/Source/cortexm/_reset_hardware.o
 .data          0x0000000000000000        0x0 ./System/Source/cortexm/_reset_hardware.o
 .bss           0x0000000000000000        0x0 ./System/Source/cortexm/_reset_hardware.o
 .text.__reset_hardware
                0x0000000000000000       0x24 ./System/Source/cortexm/_reset_hardware.o
 .debug_info    0x0000000000000000      0x350 ./System/Source/cortexm/_reset_hardware.o
 .debug_abbrev  0x0000000000000000      0x132 ./System/Source/cortexm/_reset_hardware.o
 .debug_aranges
                0x0000000000000000       0x20 ./System/Source/cortexm/_reset_hardware.o
 .debug_ranges  0x0000000000000000       0x10 ./System/Source/cortexm/_reset_hardware.o
 .debug_macro   0x0000000000000000       0x80 ./System/Source/cortexm/_reset_hardware.o
 .debug_macro   0x0000000000000000      0xaa2 ./System/Source/cortexm/_reset_hardware.o
 .debug_macro   0x0000000000000000       0x2e ./System/Source/cortexm/_reset_hardware.o
 .debug_macro   0x0000000000000000       0x22 ./System/Source/cortexm/_reset_hardware.o
 .debug_macro   0x0000000000000000      0x34e ./System/Source/cortexm/_reset_hardware.o
 .debug_macro   0x0000000000000000       0x34 ./System/Source/cortexm/_reset_hardware.o
 .debug_macro   0x0000000000000000       0x34 ./System/Source/cortexm/_reset_hardware.o
 .debug_macro   0x0000000000000000      0xb8e ./System/Source/cortexm/_reset_hardware.o
 .debug_macro   0x0000000000000000     0xe90a ./System/Source/cortexm/_reset_hardware.o
 .debug_macro   0x0000000000000000       0x43 ./System/Source/cortexm/_reset_hardware.o
 .debug_line    0x0000000000000000      0x1ca ./System/Source/cortexm/_reset_hardware.o
 .debug_str     0x0000000000000000    0x5569a ./System/Source/cortexm/_reset_hardware.o
 .comment       0x0000000000000000       0x69 ./System/Source/cortexm/_reset_hardware.o
 .debug_frame   0x0000000000000000       0x20 ./System/Source/cortexm/_reset_hardware.o
 .ARM.attributes
                0x0000000000000000       0x2d ./System/Source/cortexm/_reset_hardware.o
 .group         0x0000000000000000        0xc ./System/Source/cortexm/exception_handlers.o
 .group         0x0000000000000000        0xc ./System/Source/cortexm/exception_handlers.o
 .group         0x0000000000000000        0xc ./System/Source/cortexm/exception_handlers.o
 .group         0x0000000000000000        0xc ./System/Source/cortexm/exception_handlers.o
 .group         0x0000000000000000        0xc ./System/Source/cortexm/exception_handlers.o
 .group         0x0000000000000000        0xc ./System/Source/cortexm/exception_handlers.o
 .group         0x0000000000000000        0xc ./System/Source/cortexm/exception_handlers.o
 .group         0x0000000000000000        0xc ./System/Source/cortexm/exception_handlers.o
 .group         0x0000000000000000        0xc ./System/Source/cortexm/exception_handlers.o
 .group         0x0000000000000000        0xc ./System/Source/cortexm/exception_handlers.o
 .group         0x0000000000000000        0xc ./System/Source/cortexm/exception_handlers.o
 .group         0x0000000000000000        0xc ./System/Source/cortexm/exception_handlers.o
 .group         0x0000000000000000        0xc ./System/Source/cortexm/exception_handlers.o
 .group         0x0000000000000000        0xc ./System/Source/cortexm/exception_handlers.o
 .group         0x0000000000000000        0xc ./System/Source/cortexm/exception_handlers.o
 .group         0x0000000000000000        0xc ./System/Source/cortexm/exception_handlers.o
 .group         0x0000000000000000        0xc ./System/Source/cortexm/exception_handlers.o
 .group         0x0000000000000000        0xc ./System/Source/cortexm/exception_handlers.o
 .group         0x0000000000000000        0xc ./System/Source/cortexm/exception_handlers.o
 .group         0x0000000000000000        0xc ./System/Source/cortexm/exception_handlers.o
 .group         0x0000000000000000        0xc ./System/Source/cortexm/exception_handlers.o
 .group         0x0000000000000000        0xc ./System/Source/cortexm/exception_handlers.o
 .group         0x0000000000000000        0xc ./System/Source/cortexm/exception_handlers.o
 .group         0x0000000000000000        0xc ./System/Source/cortexm/exception_handlers.o
 .group         0x0000000000000000        0xc ./System/Source/cortexm/exception_handlers.o
 .text          0x0000000000000000        0x0 ./System/Source/cortexm/exception_handlers.o
 .data          0x0000000000000000        0x0 ./System/Source/cortexm/exception_handlers.o
 .bss           0x0000000000000000        0x0 ./System/Source/cortexm/exception_handlers.o
 .debug_macro   0x0000000000000000      0xaa2 ./System/Source/cortexm/exception_handlers.o
 .debug_macro   0x0000000000000000      0x34e ./System/Source/cortexm/exception_handlers.o
 .debug_macro   0x0000000000000000       0x2e ./System/Source/cortexm/exception_handlers.o
 .debug_macro   0x0000000000000000       0x22 ./System/Source/cortexm/exception_handlers.o
 .debug_macro   0x0000000000000000       0x34 ./System/Source/cortexm/exception_handlers.o
 .debug_macro   0x0000000000000000      0xb8e ./System/Source/cortexm/exception_handlers.o
 .debug_macro   0x0000000000000000     0xe90a ./System/Source/cortexm/exception_handlers.o
 .debug_macro   0x0000000000000000       0x43 ./System/Source/cortexm/exception_handlers.o
 .group         0x0000000000000000        0xc ./System/Source/Newlib/_cxx.o
 .group         0x0000000000000000        0xc ./System/Source/Newlib/_cxx.o
 .group         0x0000000000000000        0xc ./System/Source/Newlib/_cxx.o
 .group         0x0000000000000000        0xc ./System/Source/Newlib/_cxx.o
 .group         0x0000000000000000        0xc ./System/Source/Newlib/_cxx.o
 .group         0x0000000000000000        0xc ./System/Source/Newlib/_cxx.o
 .group         0x0000000000000000        0xc ./System/Source/Newlib/_cxx.o
 .group         0x0000000000000000        0xc ./System/Source/Newlib/_cxx.o
 .group         0x0000000000000000        0xc ./System/Source/Newlib/_cxx.o
 .group         0x0000000000000000        0xc ./System/Source/Newlib/_cxx.o
 .group         0x0000000000000000        0xc ./System/Source/Newlib/_cxx.o
 .group         0x0000000000000000        0xc ./System/Source/Newlib/_cxx.o
 .group         0x0000000000000000        0xc ./System/Source/Newlib/_cxx.o
 .group         0x0000000000000000        0xc ./System/Source/Newlib/_cxx.o
 .group         0x0000000000000000        0xc ./System/Source/Newlib/_cxx.o
 .group         0x0000000000000000        0xc ./System/Source/Newlib/_cxx.o
 .group         0x0000000000000000        0xc ./System/Source/Newlib/_cxx.o
 .group         0x0000000000000000        0xc ./System/Source/Newlib/_cxx.o
 .group         0x0000000000000000        0xc ./System/Source/Newlib/_cxx.o
 .group         0x0000000000000000        0xc ./System/Source/Newlib/_cxx.o
 .group         0x0000000000000000        0xc ./System/Source/Newlib/_cxx.o
 .group         0x0000000000000000        0xc ./System/Source/Newlib/_cxx.o
 .group         0x0000000000000000        0xc ./System/Source/Newlib/_cxx.o
 .group         0x0000000000000000        0xc ./System/Source/Newlib/_cxx.o
 .group         0x0000000000000000        0xc ./System/Source/Newlib/_cxx.o
 .group         0x0000000000000000        0xc ./System/Source/Newlib/_cxx.o
 .group         0x0000000000000000        0xc ./System/Source/Newlib/_cxx.o
 .text          0x0000000000000000        0x0 ./System/Source/Newlib/_cxx.o
 .data          0x0000000000000000        0x0 ./System/Source/Newlib/_cxx.o
 .bss           0x0000000000000000        0x0 ./System/Source/Newlib/_cxx.o
 .text._ZN9__gnu_cxx27__verbose_terminate_handlerEv
                0x0000000000000000        0x8 ./System/Source/Newlib/_cxx.o
 .text.__cxa_pure_virtual
                0x0000000000000000        0x8 ./System/Source/Newlib/_cxx.o
 .debug_info    0x0000000000000000      0xfcc ./System/Source/Newlib/_cxx.o
 .debug_abbrev  0x0000000000000000      0x2e7 ./System/Source/Newlib/_cxx.o
 .debug_aranges
                0x0000000000000000       0x20 ./System/Source/Newlib/_cxx.o
 .debug_ranges  0x0000000000000000       0x10 ./System/Source/Newlib/_cxx.o
 .debug_macro   0x0000000000000000      0x15f ./System/Source/Newlib/_cxx.o
 .debug_macro   0x0000000000000000      0xbe0 ./System/Source/Newlib/_cxx.o
 .debug_macro   0x0000000000000000      0x16e ./System/Source/Newlib/_cxx.o
 .debug_macro   0x0000000000000000       0x10 ./System/Source/Newlib/_cxx.o
 .debug_macro   0x0000000000000000      0x3fb ./System/Source/Newlib/_cxx.o
 .debug_macro   0x0000000000000000       0x10 ./System/Source/Newlib/_cxx.o
 .debug_macro   0x0000000000000000       0x18 ./System/Source/Newlib/_cxx.o
 .debug_macro   0x0000000000000000       0x22 ./System/Source/Newlib/_cxx.o
 .debug_macro   0x0000000000000000       0x5e ./System/Source/Newlib/_cxx.o
 .debug_macro   0x0000000000000000       0x5c ./System/Source/Newlib/_cxx.o
 .debug_macro   0x0000000000000000       0x35 ./System/Source/Newlib/_cxx.o
 .debug_macro   0x0000000000000000       0x34 ./System/Source/Newlib/_cxx.o
 .debug_macro   0x0000000000000000       0x16 ./System/Source/Newlib/_cxx.o
 .debug_macro   0x0000000000000000      0x10e ./System/Source/Newlib/_cxx.o
 .debug_macro   0x0000000000000000       0x94 ./System/Source/Newlib/_cxx.o
 .debug_macro   0x0000000000000000       0x57 ./System/Source/Newlib/_cxx.o
 .debug_macro   0x0000000000000000       0x58 ./System/Source/Newlib/_cxx.o
 .debug_macro   0x0000000000000000       0x1f ./System/Source/Newlib/_cxx.o
 .debug_macro   0x0000000000000000       0x43 ./System/Source/Newlib/_cxx.o
 .debug_macro   0x0000000000000000       0x20 ./System/Source/Newlib/_cxx.o
 .debug_macro   0x0000000000000000      0x18e ./System/Source/Newlib/_cxx.o
 .debug_macro   0x0000000000000000      0x35c ./System/Source/Newlib/_cxx.o
 .debug_macro   0x0000000000000000       0x22 ./System/Source/Newlib/_cxx.o
 .debug_macro   0x0000000000000000       0x1c ./System/Source/Newlib/_cxx.o
 .debug_macro   0x0000000000000000       0xde ./System/Source/Newlib/_cxx.o
 .debug_macro   0x0000000000000000       0x10 ./System/Source/Newlib/_cxx.o
 .debug_macro   0x0000000000000000       0x6a ./System/Source/Newlib/_cxx.o
 .debug_macro   0x0000000000000000       0xb6 ./System/Source/Newlib/_cxx.o
 .debug_line    0x0000000000000000      0x4b1 ./System/Source/Newlib/_cxx.o
 .debug_str     0x0000000000000000     0x845f ./System/Source/Newlib/_cxx.o
 .comment       0x0000000000000000       0x69 ./System/Source/Newlib/_cxx.o
 .debug_frame   0x0000000000000000       0x48 ./System/Source/Newlib/_cxx.o
 .ARM.attributes
                0x0000000000000000       0x2d ./System/Source/Newlib/_cxx.o
 .group         0x0000000000000000        0xc ./System/Source/Newlib/_exit.o
 .group         0x0000000000000000        0xc ./System/Source/Newlib/_exit.o
 .group         0x0000000000000000        0xc ./System/Source/Newlib/_exit.o
 .group         0x0000000000000000        0xc ./System/Source/Newlib/_exit.o
 .group         0x0000000000000000        0xc ./System/Source/Newlib/_exit.o
 .group         0x0000000000000000        0xc ./System/Source/Newlib/_exit.o
 .group         0x0000000000000000        0xc ./System/Source/Newlib/_exit.o
 .group         0x0000000000000000        0xc ./System/Source/Newlib/_exit.o
 .group         0x0000000000000000        0xc ./System/Source/Newlib/_exit.o
 .group         0x0000000000000000        0xc ./System/Source/Newlib/_exit.o
 .group         0x0000000000000000        0xc ./System/Source/Newlib/_exit.o
 .group         0x0000000000000000        0xc ./System/Source/Newlib/_exit.o
 .group         0x0000000000000000        0xc ./System/Source/Newlib/_exit.o
 .group         0x0000000000000000        0xc ./System/Source/Newlib/_exit.o
 .group         0x0000000000000000        0xc ./System/Source/Newlib/_exit.o
 .group         0x0000000000000000        0xc ./System/Source/Newlib/_exit.o
 .group         0x0000000000000000        0xc ./System/Source/Newlib/_exit.o
 .group         0x0000000000000000        0xc ./System/Source/Newlib/_exit.o
 .group         0x0000000000000000        0xc ./System/Source/Newlib/_exit.o
 .text          0x0000000000000000        0x0 ./System/Source/Newlib/_exit.o
 .data          0x0000000000000000        0x0 ./System/Source/Newlib/_exit.o
 .bss           0x0000000000000000        0x0 ./System/Source/Newlib/_exit.o
 .text.abort    0x0000000000000000        0x8 ./System/Source/Newlib/_exit.o
 .debug_macro   0x0000000000000000      0xaa2 ./System/Source/Newlib/_exit.o
 .debug_macro   0x0000000000000000       0x18 ./System/Source/Newlib/_exit.o
 .debug_macro   0x0000000000000000       0x22 ./System/Source/Newlib/_exit.o
 .debug_macro   0x0000000000000000       0x5e ./System/Source/Newlib/_exit.o
 .debug_macro   0x0000000000000000       0x94 ./System/Source/Newlib/_exit.o
 .debug_macro   0x0000000000000000       0x35 ./System/Source/Newlib/_exit.o
 .debug_macro   0x0000000000000000       0x34 ./System/Source/Newlib/_exit.o
 .debug_macro   0x0000000000000000       0x16 ./System/Source/Newlib/_exit.o
 .debug_macro   0x0000000000000000       0x57 ./System/Source/Newlib/_exit.o
 .debug_macro   0x0000000000000000       0x58 ./System/Source/Newlib/_exit.o
 .debug_macro   0x0000000000000000       0x1f ./System/Source/Newlib/_exit.o
 .debug_macro   0x0000000000000000       0x43 ./System/Source/Newlib/_exit.o
 .debug_macro   0x0000000000000000       0x20 ./System/Source/Newlib/_exit.o
 .debug_macro   0x0000000000000000      0x18e ./System/Source/Newlib/_exit.o
 .debug_macro   0x0000000000000000      0x339 ./System/Source/Newlib/_exit.o
 .group         0x0000000000000000        0xc ./System/Source/Newlib/_sbrk.o
 .group         0x0000000000000000        0xc ./System/Source/Newlib/_sbrk.o
 .group         0x0000000000000000        0xc ./System/Source/Newlib/_sbrk.o
 .group         0x0000000000000000        0xc ./System/Source/Newlib/_sbrk.o
 .group         0x0000000000000000        0xc ./System/Source/Newlib/_sbrk.o
 .group         0x0000000000000000        0xc ./System/Source/Newlib/_sbrk.o
 .group         0x0000000000000000        0xc ./System/Source/Newlib/_sbrk.o
 .group         0x0000000000000000        0xc ./System/Source/Newlib/_sbrk.o
 .group         0x0000000000000000        0xc ./System/Source/Newlib/_sbrk.o
 .group         0x0000000000000000        0xc ./System/Source/Newlib/_sbrk.o
 .group         0x0000000000000000        0xc ./System/Source/Newlib/_sbrk.o
 .group         0x0000000000000000        0xc ./System/Source/Newlib/_sbrk.o
 .group         0x0000000000000000        0xc ./System/Source/Newlib/_sbrk.o
 .group         0x0000000000000000        0xc ./System/Source/Newlib/_sbrk.o
 .group         0x0000000000000000        0xc ./System/Source/Newlib/_sbrk.o
 .group         0x0000000000000000        0xc ./System/Source/Newlib/_sbrk.o
 .group         0x0000000000000000        0xc ./System/Source/Newlib/_sbrk.o
 .group         0x0000000000000000        0xc ./System/Source/Newlib/_sbrk.o
 .group         0x0000000000000000        0xc ./System/Source/Newlib/_sbrk.o
 .group         0x0000000000000000        0xc ./System/Source/Newlib/_sbrk.o
 .group         0x0000000000000000        0xc ./System/Source/Newlib/_sbrk.o
 .group         0x0000000000000000        0xc ./System/Source/Newlib/_sbrk.o
 .group         0x0000000000000000        0xc ./System/Source/Newlib/_sbrk.o
 .group         0x0000000000000000        0xc ./System/Source/Newlib/_sbrk.o
 .group         0x0000000000000000        0xc ./System/Source/Newlib/_sbrk.o
 .group         0x0000000000000000        0xc ./System/Source/Newlib/_sbrk.o
 .group         0x0000000000000000        0xc ./System/Source/Newlib/_sbrk.o
 .text          0x0000000000000000        0x0 ./System/Source/Newlib/_sbrk.o
 .data          0x0000000000000000        0x0 ./System/Source/Newlib/_sbrk.o
 .bss           0x0000000000000000        0x0 ./System/Source/Newlib/_sbrk.o
 .text._sbrk    0x0000000000000000       0x40 ./System/Source/Newlib/_sbrk.o
 .bss.current_heap_end.4004
                0x0000000000000000        0x4 ./System/Source/Newlib/_sbrk.o
 .debug_info    0x0000000000000000      0x9d4 ./System/Source/Newlib/_sbrk.o
 .debug_abbrev  0x0000000000000000      0x232 ./System/Source/Newlib/_sbrk.o
 .debug_loc     0x0000000000000000       0x95 ./System/Source/Newlib/_sbrk.o
 .debug_aranges
                0x0000000000000000       0x20 ./System/Source/Newlib/_sbrk.o
 .debug_ranges  0x0000000000000000       0x10 ./System/Source/Newlib/_sbrk.o
 .debug_macro   0x0000000000000000      0x169 ./System/Source/Newlib/_sbrk.o
 .debug_macro   0x0000000000000000      0xaa2 ./System/Source/Newlib/_sbrk.o
 .debug_macro   0x0000000000000000       0x22 ./System/Source/Newlib/_sbrk.o
 .debug_macro   0x0000000000000000       0x5e ./System/Source/Newlib/_sbrk.o
 .debug_macro   0x0000000000000000       0x18 ./System/Source/Newlib/_sbrk.o
 .debug_macro   0x0000000000000000       0x94 ./System/Source/Newlib/_sbrk.o
 .debug_macro   0x0000000000000000       0x35 ./System/Source/Newlib/_sbrk.o
 .debug_macro   0x0000000000000000       0x34 ./System/Source/Newlib/_sbrk.o
 .debug_macro   0x0000000000000000       0x57 ./System/Source/Newlib/_sbrk.o
 .debug_macro   0x0000000000000000      0x174 ./System/Source/Newlib/_sbrk.o
 .debug_macro   0x0000000000000000      0x339 ./System/Source/Newlib/_sbrk.o
 .debug_macro   0x0000000000000000       0x10 ./System/Source/Newlib/_sbrk.o
 .debug_macro   0x0000000000000000       0x58 ./System/Source/Newlib/_sbrk.o
 .debug_macro   0x0000000000000000       0x1f ./System/Source/Newlib/_sbrk.o
 .debug_macro   0x0000000000000000       0x43 ./System/Source/Newlib/_sbrk.o
 .debug_macro   0x0000000000000000       0x20 ./System/Source/Newlib/_sbrk.o
 .debug_macro   0x0000000000000000       0x6a ./System/Source/Newlib/_sbrk.o
 .debug_macro   0x0000000000000000       0x1c ./System/Source/Newlib/_sbrk.o
 .debug_macro   0x0000000000000000       0x52 ./System/Source/Newlib/_sbrk.o
 .debug_macro   0x0000000000000000       0x40 ./System/Source/Newlib/_sbrk.o
 .debug_macro   0x0000000000000000       0x10 ./System/Source/Newlib/_sbrk.o
 .debug_macro   0x0000000000000000       0x40 ./System/Source/Newlib/_sbrk.o
 .debug_macro   0x0000000000000000       0xd7 ./System/Source/Newlib/_sbrk.o
 .debug_macro   0x0000000000000000       0x1c ./System/Source/Newlib/_sbrk.o
 .debug_macro   0x0000000000000000       0x3d ./System/Source/Newlib/_sbrk.o
 .debug_macro   0x0000000000000000       0x10 ./System/Source/Newlib/_sbrk.o
 .debug_macro   0x0000000000000000      0x18e ./System/Source/Newlib/_sbrk.o
 .debug_macro   0x0000000000000000      0x23b ./System/Source/Newlib/_sbrk.o
 .debug_line    0x0000000000000000      0x3b1 ./System/Source/Newlib/_sbrk.o
 .debug_str     0x0000000000000000     0x722b ./System/Source/Newlib/_sbrk.o
 .comment       0x0000000000000000       0x69 ./System/Source/Newlib/_sbrk.o
 .debug_frame   0x0000000000000000       0x28 ./System/Source/Newlib/_sbrk.o
 .ARM.attributes
                0x0000000000000000       0x2d ./System/Source/Newlib/_sbrk.o
 .group         0x0000000000000000        0xc ./System/Source/Newlib/_startup.o
 .group         0x0000000000000000        0xc ./System/Source/Newlib/_startup.o
 .group         0x0000000000000000        0xc ./System/Source/Newlib/_startup.o
 .group         0x0000000000000000        0xc ./System/Source/Newlib/_startup.o
 .group         0x0000000000000000        0xc ./System/Source/Newlib/_startup.o
 .group         0x0000000000000000        0xc ./System/Source/Newlib/_startup.o
 .group         0x0000000000000000        0xc ./System/Source/Newlib/_startup.o
 .group         0x0000000000000000        0xc ./System/Source/Newlib/_startup.o
 .group         0x0000000000000000        0xc ./System/Source/Newlib/_startup.o
 .group         0x0000000000000000        0xc ./System/Source/Newlib/_startup.o
 .group         0x0000000000000000        0xc ./System/Source/Newlib/_startup.o
 .group         0x0000000000000000        0xc ./System/Source/Newlib/_startup.o
 .group         0x0000000000000000        0xc ./System/Source/Newlib/_startup.o
 .group         0x0000000000000000        0xc ./System/Source/Newlib/_startup.o
 .group         0x0000000000000000        0xc ./System/Source/Newlib/_startup.o
 .group         0x0000000000000000        0xc ./System/Source/Newlib/_startup.o
 .group         0x0000000000000000        0xc ./System/Source/Newlib/_startup.o
 .group         0x0000000000000000        0xc ./System/Source/Newlib/_startup.o
 .group         0x0000000000000000        0xc ./System/Source/Newlib/_startup.o
 .group         0x0000000000000000        0xc ./System/Source/Newlib/_startup.o
 .group         0x0000000000000000        0xc ./System/Source/Newlib/_startup.o
 .group         0x0000000000000000        0xc ./System/Source/Newlib/_startup.o
 .group         0x0000000000000000        0xc ./System/Source/Newlib/_startup.o
 .group         0x0000000000000000        0xc ./System/Source/Newlib/_startup.o
 .group         0x0000000000000000        0xc ./System/Source/Newlib/_startup.o
 .text          0x0000000000000000        0x0 ./System/Source/Newlib/_startup.o
 .data          0x0000000000000000        0x0 ./System/Source/Newlib/_startup.o
 .bss           0x0000000000000000        0x0 ./System/Source/Newlib/_startup.o
 .text.__initialize_data
                0x0000000000000000       0x14 ./System/Source/Newlib/_startup.o
 .text.__initialize_bss
                0x0000000000000000       0x10 ./System/Source/Newlib/_startup.o
 .text.__run_init_array
                0x0000000000000000       0x4c ./System/Source/Newlib/_startup.o
 .text.__run_fini_array
                0x0000000000000000       0x30 ./System/Source/Newlib/_startup.o
 .debug_macro   0x0000000000000000      0xaa2 ./System/Source/Newlib/_startup.o
 .debug_macro   0x0000000000000000      0x34e ./System/Source/Newlib/_startup.o
 .debug_macro   0x0000000000000000       0x22 ./System/Source/Newlib/_startup.o
 .debug_macro   0x0000000000000000       0x5e ./System/Source/Newlib/_startup.o
 .debug_macro   0x0000000000000000       0x18 ./System/Source/Newlib/_startup.o
 .debug_macro   0x0000000000000000       0x94 ./System/Source/Newlib/_startup.o
 .debug_macro   0x0000000000000000       0x35 ./System/Source/Newlib/_startup.o
 .debug_macro   0x0000000000000000       0x34 ./System/Source/Newlib/_startup.o
 .debug_macro   0x0000000000000000       0x57 ./System/Source/Newlib/_startup.o
 .debug_macro   0x0000000000000000      0x174 ./System/Source/Newlib/_startup.o
 .debug_macro   0x0000000000000000      0x339 ./System/Source/Newlib/_startup.o
 .debug_macro   0x0000000000000000       0x10 ./System/Source/Newlib/_startup.o
 .debug_macro   0x0000000000000000       0x58 ./System/Source/Newlib/_startup.o
 .debug_macro   0x0000000000000000       0x1f ./System/Source/Newlib/_startup.o
 .debug_macro   0x0000000000000000       0x43 ./System/Source/Newlib/_startup.o
 .debug_macro   0x0000000000000000       0x20 ./System/Source/Newlib/_startup.o
 .debug_macro   0x0000000000000000       0x6a ./System/Source/Newlib/_startup.o
 .debug_macro   0x0000000000000000       0x1c ./System/Source/Newlib/_startup.o
 .debug_macro   0x0000000000000000       0x52 ./System/Source/Newlib/_startup.o
 .debug_macro   0x0000000000000000       0x40 ./System/Source/Newlib/_startup.o
 .debug_macro   0x0000000000000000       0x10 ./System/Source/Newlib/_startup.o
 .debug_macro   0x0000000000000000       0x40 ./System/Source/Newlib/_startup.o
 .debug_macro   0x0000000000000000       0xd7 ./System/Source/Newlib/_startup.o
 .debug_macro   0x0000000000000000       0x1c ./System/Source/Newlib/_startup.o
 .debug_macro   0x0000000000000000       0x3d ./System/Source/Newlib/_startup.o
 .group         0x0000000000000000        0xc ./System/Source/Newlib/_syscalls.o
 .group         0x0000000000000000        0xc ./System/Source/Newlib/_syscalls.o
 .group         0x0000000000000000        0xc ./System/Source/Newlib/_syscalls.o
 .group         0x0000000000000000        0xc ./System/Source/Newlib/_syscalls.o
 .group         0x0000000000000000        0xc ./System/Source/Newlib/_syscalls.o
 .group         0x0000000000000000        0xc ./System/Source/Newlib/_syscalls.o
 .group         0x0000000000000000        0xc ./System/Source/Newlib/_syscalls.o
 .group         0x0000000000000000        0xc ./System/Source/Newlib/_syscalls.o
 .group         0x0000000000000000        0xc ./System/Source/Newlib/_syscalls.o
 .group         0x0000000000000000        0xc ./System/Source/Newlib/_syscalls.o
 .group         0x0000000000000000        0xc ./System/Source/Newlib/_syscalls.o
 .group         0x0000000000000000        0xc ./System/Source/Newlib/_syscalls.o
 .group         0x0000000000000000        0xc ./System/Source/Newlib/_syscalls.o
 .group         0x0000000000000000        0xc ./System/Source/Newlib/_syscalls.o
 .group         0x0000000000000000        0xc ./System/Source/Newlib/_syscalls.o
 .group         0x0000000000000000        0xc ./System/Source/Newlib/_syscalls.o
 .group         0x0000000000000000        0xc ./System/Source/Newlib/_syscalls.o
 .group         0x0000000000000000        0xc ./System/Source/Newlib/_syscalls.o
 .group         0x0000000000000000        0xc ./System/Source/Newlib/_syscalls.o
 .group         0x0000000000000000        0xc ./System/Source/Newlib/_syscalls.o
 .group         0x0000000000000000        0xc ./System/Source/Newlib/_syscalls.o
 .group         0x0000000000000000        0xc ./System/Source/Newlib/_syscalls.o
 .group         0x0000000000000000        0xc ./System/Source/Newlib/_syscalls.o
 .group         0x0000000000000000        0xc ./System/Source/Newlib/_syscalls.o
 .group         0x0000000000000000        0xc ./System/Source/Newlib/_syscalls.o
 .group         0x0000000000000000        0xc ./System/Source/Newlib/_syscalls.o
 .group         0x0000000000000000        0xc ./System/Source/Newlib/_syscalls.o
 .group         0x0000000000000000        0xc ./System/Source/Newlib/_syscalls.o
 .group         0x0000000000000000        0xc ./System/Source/Newlib/_syscalls.o
 .group         0x0000000000000000        0xc ./System/Source/Newlib/_syscalls.o
 .group         0x0000000000000000        0xc ./System/Source/Newlib/_syscalls.o
 .group         0x0000000000000000        0xc ./System/Source/Newlib/_syscalls.o
 .group         0x0000000000000000        0xc ./System/Source/Newlib/_syscalls.o
 .group         0x0000000000000000        0xc ./System/Source/Newlib/_syscalls.o
 .group         0x0000000000000000        0xc ./System/Source/Newlib/_syscalls.o
 .group         0x0000000000000000        0xc ./System/Source/Newlib/_syscalls.o
 .group         0x0000000000000000        0xc ./System/Source/Newlib/_syscalls.o
 .group         0x0000000000000000        0xc ./System/Source/Newlib/_syscalls.o
 .text          0x0000000000000000        0x0 ./System/Source/Newlib/_syscalls.o
 .data          0x0000000000000000        0x0 ./System/Source/Newlib/_syscalls.o
 .bss           0x0000000000000000        0x0 ./System/Source/Newlib/_syscalls.o
 .text.__initialize_args
                0x0000000000000000       0x10 ./System/Source/Newlib/_syscalls.o
 .text.raise    0x0000000000000000       0x10 ./System/Source/Newlib/_syscalls.o
 .text.kill     0x0000000000000000       0x10 ./System/Source/Newlib/_syscalls.o
 .bss.__dso_handle
                0x0000000000000000        0x4 ./System/Source/Newlib/_syscalls.o
 .bss.name.4373
                0x0000000000000000        0x1 ./System/Source/Newlib/_syscalls.o
 .data.argv.4374
                0x0000000000000000        0x8 ./System/Source/Newlib/_syscalls.o
 .debug_info    0x0000000000000000      0xab9 ./System/Source/Newlib/_syscalls.o
 .debug_abbrev  0x0000000000000000      0x26d ./System/Source/Newlib/_syscalls.o
 .debug_loc     0x0000000000000000       0x6f ./System/Source/Newlib/_syscalls.o
 .debug_aranges
                0x0000000000000000       0x30 ./System/Source/Newlib/_syscalls.o
 .debug_ranges  0x0000000000000000       0x20 ./System/Source/Newlib/_syscalls.o
 .debug_macro   0x0000000000000000      0x1f3 ./System/Source/Newlib/_syscalls.o
 .debug_macro   0x0000000000000000      0xaa2 ./System/Source/Newlib/_syscalls.o
 .debug_macro   0x0000000000000000       0x22 ./System/Source/Newlib/_syscalls.o
 .debug_macro   0x0000000000000000       0x5e ./System/Source/Newlib/_syscalls.o
 .debug_macro   0x0000000000000000       0x18 ./System/Source/Newlib/_syscalls.o
 .debug_macro   0x0000000000000000       0x94 ./System/Source/Newlib/_syscalls.o
 .debug_macro   0x0000000000000000       0x35 ./System/Source/Newlib/_syscalls.o
 .debug_macro   0x0000000000000000       0x34 ./System/Source/Newlib/_syscalls.o
 .debug_macro   0x0000000000000000       0x1c ./System/Source/Newlib/_syscalls.o
 .debug_macro   0x0000000000000000       0x10 ./System/Source/Newlib/_syscalls.o
 .debug_macro   0x0000000000000000      0x174 ./System/Source/Newlib/_syscalls.o
 .debug_macro   0x0000000000000000       0x57 ./System/Source/Newlib/_syscalls.o
 .debug_macro   0x0000000000000000       0x58 ./System/Source/Newlib/_syscalls.o
 .debug_macro   0x0000000000000000       0x1f ./System/Source/Newlib/_syscalls.o
 .debug_macro   0x0000000000000000       0x43 ./System/Source/Newlib/_syscalls.o
 .debug_macro   0x0000000000000000       0x20 ./System/Source/Newlib/_syscalls.o
 .debug_macro   0x0000000000000000      0x18e ./System/Source/Newlib/_syscalls.o
 .debug_macro   0x0000000000000000      0x23b ./System/Source/Newlib/_syscalls.o
 .debug_macro   0x0000000000000000      0x339 ./System/Source/Newlib/_syscalls.o
 .debug_macro   0x0000000000000000       0x10 ./System/Source/Newlib/_syscalls.o
 .debug_macro   0x0000000000000000       0x35 ./System/Source/Newlib/_syscalls.o
 .debug_macro   0x0000000000000000       0x10 ./System/Source/Newlib/_syscalls.o
 .debug_macro   0x0000000000000000       0x10 ./System/Source/Newlib/_syscalls.o
 .debug_macro   0x0000000000000000       0x10 ./System/Source/Newlib/_syscalls.o
 .debug_macro   0x0000000000000000       0x6a ./System/Source/Newlib/_syscalls.o
 .debug_macro   0x0000000000000000       0x1c ./System/Source/Newlib/_syscalls.o
 .debug_macro   0x0000000000000000       0x52 ./System/Source/Newlib/_syscalls.o
 .debug_macro   0x0000000000000000       0x40 ./System/Source/Newlib/_syscalls.o
 .debug_macro   0x0000000000000000       0x10 ./System/Source/Newlib/_syscalls.o
 .debug_macro   0x0000000000000000       0x40 ./System/Source/Newlib/_syscalls.o
 .debug_macro   0x0000000000000000       0xd7 ./System/Source/Newlib/_syscalls.o
 .debug_macro   0x0000000000000000       0x1c ./System/Source/Newlib/_syscalls.o
 .debug_macro   0x0000000000000000       0x3d ./System/Source/Newlib/_syscalls.o
 .debug_macro   0x0000000000000000       0x35 ./System/Source/Newlib/_syscalls.o
 .debug_macro   0x0000000000000000      0x122 ./System/Source/Newlib/_syscalls.o
 .debug_macro   0x0000000000000000       0x88 ./System/Source/Newlib/_syscalls.o
 .debug_macro   0x0000000000000000      0x10c ./System/Source/Newlib/_syscalls.o
 .debug_macro   0x0000000000000000      0x189 ./System/Source/Newlib/_syscalls.o
 .debug_macro   0x0000000000000000       0x16 ./System/Source/Newlib/_syscalls.o
 .debug_line    0x0000000000000000      0x4ac ./System/Source/Newlib/_syscalls.o
 .debug_str     0x0000000000000000     0x8077 ./System/Source/Newlib/_syscalls.o
 .comment       0x0000000000000000       0x69 ./System/Source/Newlib/_syscalls.o
 .debug_frame   0x0000000000000000       0x50 ./System/Source/Newlib/_syscalls.o
 .ARM.attributes
                0x0000000000000000       0x2d ./System/Source/Newlib/_syscalls.o
 COMMON         0x0000000000000000        0x4 ./System/Source/Newlib/_syscalls.o
 .group         0x0000000000000000        0xc ./System/Source/Newlib/assert.o
 .group         0x0000000000000000        0xc ./System/Source/Newlib/assert.o
 .group         0x0000000000000000        0xc ./System/Source/Newlib/assert.o
 .group         0x0000000000000000        0xc ./System/Source/Newlib/assert.o
 .group         0x0000000000000000        0xc ./System/Source/Newlib/assert.o
 .group         0x0000000000000000        0xc ./System/Source/Newlib/assert.o
 .group         0x0000000000000000        0xc ./System/Source/Newlib/assert.o
 .group         0x0000000000000000        0xc ./System/Source/Newlib/assert.o
 .group         0x0000000000000000        0xc ./System/Source/Newlib/assert.o
 .group         0x0000000000000000        0xc ./System/Source/Newlib/assert.o
 .group         0x0000000000000000        0xc ./System/Source/Newlib/assert.o
 .group         0x0000000000000000        0xc ./System/Source/Newlib/assert.o
 .group         0x0000000000000000        0xc ./System/Source/Newlib/assert.o
 .group         0x0000000000000000        0xc ./System/Source/Newlib/assert.o
 .group         0x0000000000000000        0xc ./System/Source/Newlib/assert.o
 .group         0x0000000000000000        0xc ./System/Source/Newlib/assert.o
 .group         0x0000000000000000        0xc ./System/Source/Newlib/assert.o
 .group         0x0000000000000000        0xc ./System/Source/Newlib/assert.o
 .group         0x0000000000000000        0xc ./System/Source/Newlib/assert.o
 .group         0x0000000000000000        0xc ./System/Source/Newlib/assert.o
 .group         0x0000000000000000        0xc ./System/Source/Newlib/assert.o
 .text          0x0000000000000000        0x0 ./System/Source/Newlib/assert.o
 .data          0x0000000000000000        0x0 ./System/Source/Newlib/assert.o
 .bss           0x0000000000000000        0x0 ./System/Source/Newlib/assert.o
 .debug_info    0x0000000000000000      0x91d ./System/Source/Newlib/assert.o
 .debug_abbrev  0x0000000000000000      0x1b4 ./System/Source/Newlib/assert.o
 .debug_aranges
                0x0000000000000000       0x18 ./System/Source/Newlib/assert.o
 .debug_macro   0x0000000000000000      0x112 ./System/Source/Newlib/assert.o
 .debug_macro   0x0000000000000000      0xaa2 ./System/Source/Newlib/assert.o
 .debug_macro   0x0000000000000000       0x22 ./System/Source/Newlib/assert.o
 .debug_macro   0x0000000000000000       0x5e ./System/Source/Newlib/assert.o
 .debug_macro   0x0000000000000000       0x18 ./System/Source/Newlib/assert.o
 .debug_macro   0x0000000000000000       0x94 ./System/Source/Newlib/assert.o
 .debug_macro   0x0000000000000000       0x35 ./System/Source/Newlib/assert.o
 .debug_macro   0x0000000000000000       0x34 ./System/Source/Newlib/assert.o
 .debug_macro   0x0000000000000000       0x1c ./System/Source/Newlib/assert.o
 .debug_macro   0x0000000000000000       0x16 ./System/Source/Newlib/assert.o
 .debug_macro   0x0000000000000000      0x10e ./System/Source/Newlib/assert.o
 .debug_macro   0x0000000000000000       0x8d ./System/Source/Newlib/assert.o
 .debug_macro   0x0000000000000000       0x57 ./System/Source/Newlib/assert.o
 .debug_macro   0x0000000000000000       0x58 ./System/Source/Newlib/assert.o
 .debug_macro   0x0000000000000000       0x1f ./System/Source/Newlib/assert.o
 .debug_macro   0x0000000000000000       0x43 ./System/Source/Newlib/assert.o
 .debug_macro   0x0000000000000000       0x20 ./System/Source/Newlib/assert.o
 .debug_macro   0x0000000000000000      0x18e ./System/Source/Newlib/assert.o
 .debug_macro   0x0000000000000000      0x339 ./System/Source/Newlib/assert.o
 .debug_macro   0x0000000000000000       0x16 ./System/Source/Newlib/assert.o
 .debug_macro   0x0000000000000000       0x29 ./System/Source/Newlib/assert.o
 .debug_macro   0x0000000000000000      0x34e ./System/Source/Newlib/assert.o
 .debug_line    0x0000000000000000      0x2d5 ./System/Source/Newlib/assert.o
 .debug_str     0x0000000000000000     0x6c32 ./System/Source/Newlib/assert.o
 .comment       0x0000000000000000       0x69 ./System/Source/Newlib/assert.o
 .ARM.attributes
                0x0000000000000000       0x33 ./System/Source/Newlib/assert.o
 .group         0x0000000000000000        0xc ./System/Source/Cmsis/system_stm32f10x.o
 .group         0x0000000000000000        0xc ./System/Source/Cmsis/system_stm32f10x.o
 .group         0x0000000000000000        0xc ./System/Source/Cmsis/system_stm32f10x.o
 .group         0x0000000000000000        0xc ./System/Source/Cmsis/system_stm32f10x.o
 .group         0x0000000000000000        0xc ./System/Source/Cmsis/system_stm32f10x.o
 .group         0x0000000000000000        0xc ./System/Source/Cmsis/system_stm32f10x.o
 .group         0x0000000000000000        0xc ./System/Source/Cmsis/system_stm32f10x.o
 .group         0x0000000000000000        0xc ./System/Source/Cmsis/system_stm32f10x.o
 .group         0x0000000000000000        0xc ./System/Source/Cmsis/system_stm32f10x.o
 .text          0x0000000000000000        0x0 ./System/Source/Cmsis/system_stm32f10x.o
 .data          0x0000000000000000        0x0 ./System/Source/Cmsis/system_stm32f10x.o
 .bss           0x0000000000000000        0x0 ./System/Source/Cmsis/system_stm32f10x.o
 .debug_macro   0x0000000000000000      0xaa2 ./System/Source/Cmsis/system_stm32f10x.o
 .debug_macro   0x0000000000000000       0x2e ./System/Source/Cmsis/system_stm32f10x.o
 .debug_macro   0x0000000000000000       0x22 ./System/Source/Cmsis/system_stm32f10x.o
 .debug_macro   0x0000000000000000      0x34e ./System/Source/Cmsis/system_stm32f10x.o
 .debug_macro   0x0000000000000000       0x34 ./System/Source/Cmsis/system_stm32f10x.o
 .debug_macro   0x0000000000000000       0x34 ./System/Source/Cmsis/system_stm32f10x.o
 .debug_macro   0x0000000000000000      0xb8e ./System/Source/Cmsis/system_stm32f10x.o
 .debug_macro   0x0000000000000000     0xe90a ./System/Source/Cmsis/system_stm32f10x.o
 .debug_macro   0x0000000000000000       0x43 ./System/Source/Cmsis/system_stm32f10x.o
 .group         0x0000000000000000        0xc ./System/Source/Cmsis/vectors_stm32f10x.o
 .group         0x0000000000000000        0xc ./System/Source/Cmsis/vectors_stm32f10x.o
 .text          0x0000000000000000        0x0 ./System/Source/Cmsis/vectors_stm32f10x.o
 .data          0x0000000000000000        0x0 ./System/Source/Cmsis/vectors_stm32f10x.o
 .bss           0x0000000000000000        0x0 ./System/Source/Cmsis/vectors_stm32f10x.o
 .debug_macro   0x0000000000000000      0xaa2 ./System/Source/Cmsis/vectors_stm32f10x.o
 .debug_macro   0x0000000000000000      0x34e ./System/Source/Cmsis/vectors_stm32f10x.o
 .group         0x0000000000000000        0xc ./Code/main103c8t6_1.o
 .group         0x0000000000000000        0xc ./Code/main103c8t6_1.o
 .group         0x0000000000000000        0xc ./Code/main103c8t6_1.o
 .group         0x0000000000000000        0xc ./Code/main103c8t6_1.o
 .group         0x0000000000000000        0xc ./Code/main103c8t6_1.o
 .group         0x0000000000000000        0xc ./Code/main103c8t6_1.o
 .group         0x0000000000000000        0xc ./Code/main103c8t6_1.o
 .group         0x0000000000000000        0xc ./Code/main103c8t6_1.o
 .group         0x0000000000000000        0xc ./Code/main103c8t6_1.o
 .group         0x0000000000000000        0xc ./Code/main103c8t6_1.o
 .group         0x0000000000000000        0xc ./Code/main103c8t6_1.o
 .group         0x0000000000000000        0xc ./Code/main103c8t6_1.o
 .group         0x0000000000000000        0xc ./Code/main103c8t6_1.o
 .group         0x0000000000000000        0xc ./Code/main103c8t6_1.o
 .group         0x0000000000000000        0xc ./Code/main103c8t6_1.o
 .group         0x0000000000000000        0xc ./Code/main103c8t6_1.o
 .group         0x0000000000000000        0xc ./Code/main103c8t6_1.o
 .group         0x0000000000000000        0xc ./Code/main103c8t6_1.o
 .group         0x0000000000000000        0xc ./Code/main103c8t6_1.o
 .group         0x0000000000000000        0xc ./Code/main103c8t6_1.o
 .group         0x0000000000000000        0xc ./Code/main103c8t6_1.o
 .group         0x0000000000000000        0xc ./Code/main103c8t6_1.o
 .group         0x0000000000000000        0xc ./Code/main103c8t6_1.o
 .group         0x0000000000000000        0xc ./Code/main103c8t6_1.o
 .group         0x0000000000000000        0xc ./Code/main103c8t6_1.o
 .group         0x0000000000000000        0xc ./Code/main103c8t6_1.o
 .group         0x0000000000000000        0xc ./Code/main103c8t6_1.o
 .group         0x0000000000000000        0xc ./Code/main103c8t6_1.o
 .group         0x0000000000000000        0xc ./Code/main103c8t6_1.o
 .group         0x0000000000000000        0xc ./Code/main103c8t6_1.o
 .group         0x0000000000000000        0xc ./Code/main103c8t6_1.o
 .group         0x0000000000000000        0xc ./Code/main103c8t6_1.o
 .group         0x0000000000000000        0xc ./Code/main103c8t6_1.o
 .group         0x0000000000000000        0xc ./Code/main103c8t6_1.o
 .group         0x0000000000000000        0xc ./Code/main103c8t6_1.o
 .group         0x0000000000000000        0xc ./Code/main103c8t6_1.o
 .group         0x0000000000000000        0xc ./Code/main103c8t6_1.o
 .group         0x0000000000000000        0xc ./Code/main103c8t6_1.o
 .group         0x0000000000000000        0xc ./Code/main103c8t6_1.o
 .group         0x0000000000000000        0xc ./Code/main103c8t6_1.o
 .group         0x0000000000000000        0xc ./Code/main103c8t6_1.o
 .group         0x0000000000000000        0xc ./Code/main103c8t6_1.o
 .group         0x0000000000000000        0xc ./Code/main103c8t6_1.o
 .group         0x0000000000000000        0xc ./Code/main103c8t6_1.o
 .group         0x0000000000000000        0xc ./Code/main103c8t6_1.o
 .group         0x0000000000000000        0xc ./Code/main103c8t6_1.o
 .group         0x0000000000000000        0xc ./Code/main103c8t6_1.o
 .group         0x0000000000000000        0xc ./Code/main103c8t6_1.o
 .group         0x0000000000000000        0xc ./Code/main103c8t6_1.o
 .group         0x0000000000000000        0xc ./Code/main103c8t6_1.o
 .group         0x0000000000000000        0xc ./Code/main103c8t6_1.o
 .group         0x0000000000000000        0xc ./Code/main103c8t6_1.o
 .group         0x0000000000000000        0xc ./Code/main103c8t6_1.o
 .group         0x0000000000000000        0xc ./Code/main103c8t6_1.o
 .group         0x0000000000000000        0xc ./Code/main103c8t6_1.o
 .group         0x0000000000000000        0xc ./Code/main103c8t6_1.o
 .text          0x0000000000000000        0x0 ./Code/main103c8t6_1.o
 .data          0x0000000000000000        0x0 ./Code/main103c8t6_1.o
 .bss           0x0000000000000000        0x0 ./Code/main103c8t6_1.o
 .text._Z13DriveGreenLedv
                0x0000000000000000       0x3c ./Code/main103c8t6_1.o
 .rodata.PortA  0x0000000000000000        0x4 ./Code/main103c8t6_1.o
 .rodata.PortB  0x0000000000000000        0x4 ./Code/main103c8t6_1.o
 .rodata.PortC  0x0000000000000000        0x4 ./Code/main103c8t6_1.o
 .rodata.Rcc    0x0000000000000000        0x4 ./Code/main103c8t6_1.o
 .rodata.SysTimer
                0x0000000000000000        0x4 ./Code/main103c8t6_1.o
 .rodata.i2c1   0x0000000000000000        0x4 ./Code/main103c8t6_1.o
 .debug_macro   0x0000000000000000      0xbe0 ./Code/main103c8t6_1.o
 .debug_macro   0x0000000000000000       0x2e ./Code/main103c8t6_1.o
 .debug_macro   0x0000000000000000       0x22 ./Code/main103c8t6_1.o
 .debug_macro   0x0000000000000000      0x34e ./Code/main103c8t6_1.o
 .debug_macro   0x0000000000000000       0x34 ./Code/main103c8t6_1.o
 .debug_macro   0x0000000000000000       0x34 ./Code/main103c8t6_1.o
 .debug_macro   0x0000000000000000     0xe90a ./Code/main103c8t6_1.o
 .debug_macro   0x0000000000000000       0x43 ./Code/main103c8t6_1.o
 .debug_macro   0x0000000000000000       0x22 ./Code/main103c8t6_1.o
 .debug_macro   0x0000000000000000       0x5e ./Code/main103c8t6_1.o
 .debug_macro   0x0000000000000000       0x18 ./Code/main103c8t6_1.o
 .debug_macro   0x0000000000000000       0x5c ./Code/main103c8t6_1.o
 .debug_macro   0x0000000000000000       0x35 ./Code/main103c8t6_1.o
 .debug_macro   0x0000000000000000       0x34 ./Code/main103c8t6_1.o
 .debug_macro   0x0000000000000000       0x57 ./Code/main103c8t6_1.o
 .debug_macro   0x0000000000000000       0x58 ./Code/main103c8t6_1.o
 .debug_macro   0x0000000000000000       0x1f ./Code/main103c8t6_1.o
 .debug_macro   0x0000000000000000       0x43 ./Code/main103c8t6_1.o
 .debug_macro   0x0000000000000000       0x20 ./Code/main103c8t6_1.o
 .debug_macro   0x0000000000000000      0x18e ./Code/main103c8t6_1.o
 .debug_macro   0x0000000000000000      0x35c ./Code/main103c8t6_1.o
 .debug_macro   0x0000000000000000       0x10 ./Code/main103c8t6_1.o
 .debug_macro   0x0000000000000000      0x16e ./Code/main103c8t6_1.o
 .debug_macro   0x0000000000000000       0x10 ./Code/main103c8t6_1.o
 .debug_macro   0x0000000000000000      0x3fb ./Code/main103c8t6_1.o
 .debug_macro   0x0000000000000000       0x16 ./Code/main103c8t6_1.o
 .debug_macro   0x0000000000000000       0x22 ./Code/main103c8t6_1.o
 .text          0x0000000000000000        0x0 e:/save/eclipse2a/gnu mcu eclipse/arm embedded gcc/8.2.1-1.4-20190214-0604/bin/../lib/gcc/arm-none-eabi/8.2.1/../../../../arm-none-eabi/lib/thumb/v7-m/nofp\libg.a(lib_a-errno.o)
 .data          0x0000000000000000        0x0 e:/save/eclipse2a/gnu mcu eclipse/arm embedded gcc/8.2.1-1.4-20190214-0604/bin/../lib/gcc/arm-none-eabi/8.2.1/../../../../arm-none-eabi/lib/thumb/v7-m/nofp\libg.a(lib_a-errno.o)
 .bss           0x0000000000000000        0x0 e:/save/eclipse2a/gnu mcu eclipse/arm embedded gcc/8.2.1-1.4-20190214-0604/bin/../lib/gcc/arm-none-eabi/8.2.1/../../../../arm-none-eabi/lib/thumb/v7-m/nofp\libg.a(lib_a-errno.o)
 .text.__errno  0x0000000000000000        0xc e:/save/eclipse2a/gnu mcu eclipse/arm embedded gcc/8.2.1-1.4-20190214-0604/bin/../lib/gcc/arm-none-eabi/8.2.1/../../../../arm-none-eabi/lib/thumb/v7-m/nofp\libg.a(lib_a-errno.o)
 .debug_frame   0x0000000000000000       0x20 e:/save/eclipse2a/gnu mcu eclipse/arm embedded gcc/8.2.1-1.4-20190214-0604/bin/../lib/gcc/arm-none-eabi/8.2.1/../../../../arm-none-eabi/lib/thumb/v7-m/nofp\libg.a(lib_a-errno.o)
 .ARM.attributes
                0x0000000000000000       0x2d e:/save/eclipse2a/gnu mcu eclipse/arm embedded gcc/8.2.1-1.4-20190214-0604/bin/../lib/gcc/arm-none-eabi/8.2.1/../../../../arm-none-eabi/lib/thumb/v7-m/nofp\libg.a(lib_a-errno.o)
 .text          0x0000000000000000        0x0 e:/save/eclipse2a/gnu mcu eclipse/arm embedded gcc/8.2.1-1.4-20190214-0604/bin/../lib/gcc/arm-none-eabi/8.2.1/../../../../arm-none-eabi/lib/thumb/v7-m/nofp\libg.a(lib_a-impure.o)
 .data          0x0000000000000000        0x0 e:/save/eclipse2a/gnu mcu eclipse/arm embedded gcc/8.2.1-1.4-20190214-0604/bin/../lib/gcc/arm-none-eabi/8.2.1/../../../../arm-none-eabi/lib/thumb/v7-m/nofp\libg.a(lib_a-impure.o)
 .bss           0x0000000000000000        0x0 e:/save/eclipse2a/gnu mcu eclipse/arm embedded gcc/8.2.1-1.4-20190214-0604/bin/../lib/gcc/arm-none-eabi/8.2.1/../../../../arm-none-eabi/lib/thumb/v7-m/nofp\libg.a(lib_a-impure.o)
 .data._impure_ptr
                0x0000000000000000        0x4 e:/save/eclipse2a/gnu mcu eclipse/arm embedded gcc/8.2.1-1.4-20190214-0604/bin/../lib/gcc/arm-none-eabi/8.2.1/../../../../arm-none-eabi/lib/thumb/v7-m/nofp\libg.a(lib_a-impure.o)
 .data.impure_data
                0x0000000000000000      0x428 e:/save/eclipse2a/gnu mcu eclipse/arm embedded gcc/8.2.1-1.4-20190214-0604/bin/../lib/gcc/arm-none-eabi/8.2.1/../../../../arm-none-eabi/lib/thumb/v7-m/nofp\libg.a(lib_a-impure.o)
 .rodata._global_impure_ptr
                0x0000000000000000        0x4 e:/save/eclipse2a/gnu mcu eclipse/arm embedded gcc/8.2.1-1.4-20190214-0604/bin/../lib/gcc/arm-none-eabi/8.2.1/../../../../arm-none-eabi/lib/thumb/v7-m/nofp\libg.a(lib_a-impure.o)
 .ARM.attributes
                0x0000000000000000       0x2d e:/save/eclipse2a/gnu mcu eclipse/arm embedded gcc/8.2.1-1.4-20190214-0604/bin/../lib/gcc/arm-none-eabi/8.2.1/../../../../arm-none-eabi/lib/thumb/v7-m/nofp\libg.a(lib_a-impure.o)

Memory Configuration

Name             Origin             Length             Attributes
RAM              0x0000000020000000 0x0000000000005000 xrw
CCMRAM           0x0000000000000000 0x0000000000000000 xrw
FLASH            0x0000000008000000 0x0000000000010000 xr
FLASHB1          0x0000000000000000 0x0000000000000000 xr
EXTMEMB0         0x0000000000000000 0x0000000000000000 xr
EXTMEMB1         0x0000000000000000 0x0000000000000000 xr
EXTMEMB2         0x0000000000000000 0x0000000000000000 xr
EXTMEMB3         0x0000000000000000 0x0000000000000000 xr
MEMORY_ARRAY     0x0000000000000000 0x0000000000000000 xrw
*default*        0x0000000000000000 0xffffffffffffffff

Linker script and memory map

LOAD ./System/Source/cortexm/_initialize_hardware.o
LOAD ./System/Source/cortexm/_reset_hardware.o
LOAD ./System/Source/cortexm/exception_handlers.o
LOAD ./System/Source/Newlib/_cxx.o
LOAD ./System/Source/Newlib/_exit.o
LOAD ./System/Source/Newlib/_sbrk.o
LOAD ./System/Source/Newlib/_startup.o
LOAD ./System/Source/Newlib/_syscalls.o
LOAD ./System/Source/Newlib/assert.o
LOAD ./System/Source/Cmsis/system_stm32f10x.o
LOAD ./System/Source/Cmsis/vectors_stm32f10x.o
LOAD ./Code/main103c8t6_1.o
LOAD e:/save/eclipse2a/gnu mcu eclipse/arm embedded gcc/8.2.1-1.4-20190214-0604/bin/../lib/gcc/arm-none-eabi/8.2.1/../../../../arm-none-eabi/lib/thumb/v7-m/nofp\libstdc++.a
LOAD e:/save/eclipse2a/gnu mcu eclipse/arm embedded gcc/8.2.1-1.4-20190214-0604/bin/../lib/gcc/arm-none-eabi/8.2.1/../../../../arm-none-eabi/lib/thumb/v7-m/nofp\libm.a
START GROUP
LOAD e:/save/eclipse2a/gnu mcu eclipse/arm embedded gcc/8.2.1-1.4-20190214-0604/bin/../lib/gcc/arm-none-eabi/8.2.1/thumb/v7-m/nofp\libgcc.a
LOAD e:/save/eclipse2a/gnu mcu eclipse/arm embedded gcc/8.2.1-1.4-20190214-0604/bin/../lib/gcc/arm-none-eabi/8.2.1/../../../../arm-none-eabi/lib/thumb/v7-m/nofp\libg.a
LOAD e:/save/eclipse2a/gnu mcu eclipse/arm embedded gcc/8.2.1-1.4-20190214-0604/bin/../lib/gcc/arm-none-eabi/8.2.1/../../../../arm-none-eabi/lib/thumb/v7-m/nofp\libc.a
END GROUP
                0x0000000020005000                __stack = (ORIGIN (RAM) + LENGTH (RAM))
                0x0000000020005000                _estack = __stack
                0x0000000000000400                __Main_Stack_Size = 0x400
                [!provide]                        PROVIDE (_Main_Stack_Size = __Main_Stack_Size)
                0x0000000020004c00                __Main_Stack_Limit = (__stack - __Main_Stack_Size)
                [!provide]                        PROVIDE (_Main_Stack_Limit = __Main_Stack_Limit)
                0x0000000000000100                _Minimum_Stack_Size = 0x100
                0x0000000020000068                PROVIDE (_Heap_Begin = _end_noinit)
                0x0000000020004c00                PROVIDE (_Heap_Limit = (__stack - __Main_Stack_Size))

.isr_vector     0x0000000008000000      0x298
 FILL mask 0xff
                0x0000000008000000                __vectors_start = ABSOLUTE (.)
                0x0000000008000000                __vectors_start__ = ABSOLUTE (.)
 *(.isr_vector)
 .isr_vector    0x0000000008000000      0x10c ./System/Source/Cmsis/vectors_stm32f10x.o
                0x0000000008000000                __isr_vectors
 *(.cfmconfig)
 *(.after_vectors .after_vectors.*)
 .after_vectors
                0x000000000800010c       0x74 ./System/Source/cortexm/exception_handlers.o
                0x000000000800010c                Reset_Handler
                0x0000000008000114                NMI_Handler
                0x0000000008000118                HardFault_Handler
                0x000000000800012c                HardFault_Handler_C
                0x0000000008000130                MemManage_Handler
                0x0000000008000134                BusFault_Handler
                0x0000000008000148                BusFault_Handler_C
                0x000000000800014c                UsageFault_Handler
                0x0000000008000160                UsageFault_Handler_C
                0x0000000008000164                SVC_Handler
                0x0000000008000168                DebugMon_Handler
                0x000000000800016c                PendSV_Handler
 .after_vectors
                0x0000000008000180      0x114 ./System/Source/Newlib/_startup.o
                0x0000000008000180                _start
 .after_vectors
                0x0000000008000294        0x4 ./System/Source/Cmsis/vectors_stm32f10x.o
                0x0000000008000294                EXTI2_IRQHandler
                0x0000000008000294                TIM8_TRG_COM_IRQHandler
                0x0000000008000294                TIM8_CC_IRQHandler
                0x0000000008000294                TIM1_CC_IRQHandler
                0x0000000008000294                TIM6_IRQHandler
                0x0000000008000294                PVD_IRQHandler
                0x0000000008000294                SDIO_IRQHandler
                0x0000000008000294                CAN2_RX1_IRQHandler
                0x0000000008000294                EXTI3_IRQHandler
                0x0000000008000294                TIM8_TRG_COM_TIM14_IRQHandler
                0x0000000008000294                TIM1_UP_TIM10_IRQHandler
                0x0000000008000294                TIM8_UP_TIM13_IRQHandler
                0x0000000008000294                EXTI0_IRQHandler
                0x0000000008000294                I2C2_EV_IRQHandler
                0x0000000008000294                CAN1_RX0_IRQHandler
                0x0000000008000294                TIM1_UP_TIM16_IRQHandler
                0x0000000008000294                CAN2_SCE_IRQHandler
                0x0000000008000294                ADC1_2_IRQHandler
                0x0000000008000294                SPI1_IRQHandler
                0x0000000008000294                TAMPER_IRQHandler
                0x0000000008000294                TIM6_DAC_IRQHandler
                0x0000000008000294                TIM1_BRK_TIM9_IRQHandler
                0x0000000008000294                CAN2_RX0_IRQHandler
                0x0000000008000294                TIM8_UP_IRQHandler
                0x0000000008000294                DMA2_Channel2_IRQHandler
                0x0000000008000294                DMA1_Channel4_IRQHandler
                0x0000000008000294                USART3_IRQHandler
                0x0000000008000294                RTC_IRQHandler
                0x0000000008000294                DMA1_Channel7_IRQHandler
                0x0000000008000294                CAN1_RX1_IRQHandler
                0x0000000008000294                UART5_IRQHandler
                0x0000000008000294                ADC3_IRQHandler
                0x0000000008000294                TIM4_IRQHandler
                0x0000000008000294                DMA2_Channel1_IRQHandler
                0x0000000008000294                I2C1_EV_IRQHandler
                0x0000000008000294                DMA1_Channel6_IRQHandler
                0x0000000008000294                UART4_IRQHandler
                0x0000000008000294                DMA2_Channel4_IRQHandler
                0x0000000008000294                TIM3_IRQHandler
                0x0000000008000294                RCC_IRQHandler
                0x0000000008000294                TIM8_BRK_TIM12_IRQHandler
                0x0000000008000294                TIM1_TRG_COM_IRQHandler
                0x0000000008000294                DMA1_Channel1_IRQHandler
                0x0000000008000294                Default_Handler
                0x0000000008000294                CEC_IRQHandler
                0x0000000008000294                EXTI15_10_IRQHandler
                0x0000000008000294                TIM14_IRQHandler
                0x0000000008000294                TIM13_IRQHandler
                0x0000000008000294                TIM12_IRQHandler
                0x0000000008000294                TIM7_IRQHandler
                0x0000000008000294                CAN2_TX_IRQHandler
                0x0000000008000294                TIM5_IRQHandler
                0x0000000008000294                EXTI9_5_IRQHandler
                0x0000000008000294                ETH_WKUP_IRQHandler
                0x0000000008000294                SPI2_IRQHandler
                0x0000000008000294                CAN1_TX_IRQHandler
                0x0000000008000294                DMA2_Channel5_IRQHandler
                0x0000000008000294                DMA1_Channel5_IRQHandler
                0x0000000008000294                EXTI4_IRQHandler
                0x0000000008000294                USB_LP_CAN1_RX0_IRQHandler
                0x0000000008000294                TIM1_TRG_COM_TIM17_IRQHandler
                0x0000000008000294                USB_HP_CAN1_TX_IRQHandler
                0x0000000008000294                DMA1_Channel3_IRQHandler
                0x0000000008000294                FSMC_IRQHandler
                0x0000000008000294                ETH_IRQHandler
                0x0000000008000294                TIM1_UP_IRQHandler
                0x0000000008000294                WWDG_IRQHandler
                0x0000000008000294                TIM2_IRQHandler
                0x0000000008000294                OTG_FS_WKUP_IRQHandler
                0x0000000008000294                TIM1_TRG_COM_TIM11_IRQHandler
                0x0000000008000294                TIM1_BRK_IRQHandler
                0x0000000008000294                EXTI1_IRQHandler
                0x0000000008000294                RTCAlarm_IRQHandler
                0x0000000008000294                DMA2_Channel4_5_IRQHandler
                0x0000000008000294                USART2_IRQHandler
                0x0000000008000294                I2C2_ER_IRQHandler
                0x0000000008000294                DMA1_Channel2_IRQHandler
                0x0000000008000294                TIM8_BRK_IRQHandler
                0x0000000008000294                CAN1_SCE_IRQHandler
                0x0000000008000294                FLASH_IRQHandler
                0x0000000008000294                USART1_IRQHandler
                0x0000000008000294                OTG_FS_IRQHandler
                0x0000000008000294                SPI3_IRQHandler
                0x0000000008000294                I2C1_ER_IRQHandler
                0x0000000008000294                USBWakeUp_IRQHandler
                0x0000000008000294                DMA2_Channel3_IRQHandler
                0x0000000008000294                TIM1_BRK_TIM15_IRQHandler

.inits          0x0000000008000298       0x28
                0x0000000008000298                __data_regions_array_start = .
                0x0000000008000298        0x4 LONG 0x8000b14 LOADADDR (.data)
                0x000000000800029c        0x4 LONG 0x20000000 ADDR (.data)
                0x00000000080002a0        0x4 LONG 0x20000028 (ADDR (.data) + SIZEOF (.data))
                0x00000000080002a4        0x4 LONG 0x8000b14 LOADADDR (.data_CCMRAM)
                0x00000000080002a8        0x4 LONG 0x0 ADDR (.data_CCMRAM)
                0x00000000080002ac        0x4 LONG 0x0 (ADDR (.data_CCMRAM) + SIZEOF (.data_CCMRAM))
                0x00000000080002b0                __data_regions_array_end = .
                0x00000000080002b0                __bss_regions_array_start = .
                0x00000000080002b0        0x4 LONG 0x20000028 ADDR (.bss)
                0x00000000080002b4        0x4 LONG 0x20000068 (ADDR (.bss) + SIZEOF (.bss))
                0x00000000080002b8        0x4 LONG 0x0 ADDR (.bss_CCMRAM)
                0x00000000080002bc        0x4 LONG 0x0 (ADDR (.bss_CCMRAM) + SIZEOF (.bss_CCMRAM))
                0x00000000080002c0                __bss_regions_array_end = .
 *(.init)
 *(.fini)
                0x00000000080002c0                . = ALIGN (0x4)
                0x00000000080002c0                PROVIDE (__preinit_array_start = .)
 *(.preinit_array_sysinit .preinit_array_sysinit.*)
 *(.preinit_array_platform .preinit_array_platform.*)
 *(.preinit_array .preinit_array.*)
                0x00000000080002c0                PROVIDE (__preinit_array_end = .)
                0x00000000080002c0                . = ALIGN (0x4)
                0x00000000080002c0                PROVIDE (__init_array_start = .)
 *(SORT_BY_NAME(.init_array.*))
 *(.init_array)
                0x00000000080002c0                PROVIDE (__init_array_end = .)
                0x00000000080002c0                . = ALIGN (0x4)
                0x00000000080002c0                PROVIDE (__fini_array_start = .)
 *(SORT_BY_NAME(.fini_array.*))
 *(.fini_array)
                0x00000000080002c0                PROVIDE (__fini_array_end = .)

.flashtext
 *(.flashtext .flashtext.*)

.text           0x00000000080002c0      0x854
 *(.text .text.*)
 .text.__initialize_hardware_early
                0x00000000080002c0       0x18 ./System/Source/cortexm/_initialize_hardware.o
                0x00000000080002c0                __initialize_hardware_early
 .text.__initialize_hardware
                0x00000000080002d8        0x4 ./System/Source/cortexm/_initialize_hardware.o
                0x00000000080002d8                __initialize_hardware
 .text._exit    0x00000000080002dc        0x4 ./System/Source/Newlib/_exit.o
                0x00000000080002dc                _exit
 .text.SystemInit
                0x00000000080002e0      0x104 ./System/Source/Cmsis/system_stm32f10x.o
                0x00000000080002e0                SystemInit
 .text.SystemCoreClockUpdate
                0x00000000080003e4       0x5c ./System/Source/Cmsis/system_stm32f10x.o
                0x00000000080003e4                SystemCoreClockUpdate
 .text.SysTick_Handler
                0x0000000008000440       0x10 ./Code/main103c8t6_1.o
                0x0000000008000440                SysTick_Handler
 .text._Z9InitPortsv
                0x0000000008000450       0x84 ./Code/main103c8t6_1.o
                0x0000000008000450                InitPorts()
 .text._Z14DriveRoadLightv
                0x00000000080004d4       0xc4 ./Code/main103c8t6_1.o
                0x00000000080004d4                DriveRoadLight()
 .text.startup.main
                0x0000000008000598      0x57c ./Code/main103c8t6_1.o
                0x0000000008000598                main
 *(.rodata .rodata.* .constdata .constdata.*)
 *(vtable)
 *(.eh_frame*)
 *(.glue_7)
 .glue_7        0x0000000008000b14        0x0 linker stubs
 *(.glue_7t)
 .glue_7t       0x0000000008000b14        0x0 linker stubs

.vfp11_veneer   0x0000000008000b14        0x0
 .vfp11_veneer  0x0000000008000b14        0x0 linker stubs

.v4_bx          0x0000000008000b14        0x0
 .v4_bx         0x0000000008000b14        0x0 linker stubs

.iplt           0x0000000008000b14        0x0
 .iplt          0x0000000008000b14        0x0 ./System/Source/cortexm/_initialize_hardware.o

.rel.dyn        0x0000000008000b14        0x0
 .rel.iplt      0x0000000008000b14        0x0 ./System/Source/cortexm/_initialize_hardware.o

.ARM.extab
 *(.ARM.extab* .gnu.linkonce.armextab.*)
                0x0000000008000b14                . = ALIGN (0x4)
                0x0000000008000b14                __exidx_start = .

.ARM.exidx
 *(.ARM.exidx* .gnu.linkonce.armexidx.*)
                0x0000000008000b14                __exidx_end = .
                0x0000000008000b14                . = ALIGN (0x4)
                0x0000000008000b14                _etext = .
                0x0000000008000b14                __etext = .

.data_CCMRAM    0x0000000000000000        0x0 load address 0x0000000008000b14
 FILL mask 0xff
 *(.data.CCMRAM .data.CCMRAM.*)
                0x0000000000000000                . = ALIGN (0x4)
                0x0000000008000b14                _sidata = LOADADDR (.data)

.data           0x0000000020000000       0x28 load address 0x0000000008000b14
 FILL mask 0xff
                0x0000000020000000                _sdata = .
                0x0000000020000000                __data_start__ = .
 *(.data_begin .data_begin.*)
 .data_begin    0x0000000020000000        0x4 ./System/Source/Newlib/_startup.o
 *(.data .data.*)
 .data.AHBPrescTable
                0x0000000020000004       0x10 ./System/Source/Cmsis/system_stm32f10x.o
                0x0000000020000004                AHBPrescTable
 .data.SystemCoreClock
                0x0000000020000014        0x4 ./System/Source/Cmsis/system_stm32f10x.o
                0x0000000020000014                SystemCoreClock
 .data.RoadSign1
                0x0000000020000018        0xc ./Code/main103c8t6_1.o
                0x0000000020000018                RoadSign1
 *(.data_end .data_end.*)
 .data_end      0x0000000020000024        0x4 ./System/Source/Newlib/_startup.o
                0x0000000020000028                . = ALIGN (0x4)
                0x0000000020000028                _edata = .
                0x0000000020000028                __data_end__ = .

.igot.plt       0x0000000020000028        0x0 load address 0x0000000008000b3c
 .igot.plt      0x0000000020000028        0x0 ./System/Source/cortexm/_initialize_hardware.o

.bss_CCMRAM     0x0000000000000000        0x0
 *(.bss.CCMRAM .bss.CCMRAM.*)

.bss            0x0000000020000028       0x40
                0x0000000020000028                __bss_start__ = .
                0x0000000020000028                _sbss = .
 *(.bss_begin .bss_begin.*)
 .bss_begin     0x0000000020000028        0x4 ./System/Source/Newlib/_startup.o
 *(.bss .bss.*)
 .bss.BmpData1  0x000000002000002c       0x16 ./Code/main103c8t6_1.o
 *fill*         0x0000000020000042        0x2 
 .bss.BmpInt    0x0000000020000044        0x4 ./Code/main103c8t6_1.o
 .bss.BmpState  0x0000000020000048        0x4 ./Code/main103c8t6_1.o
                0x0000000020000048                BmpState
 .bss._ZN13TSysTickTimer4TickE
                0x000000002000004c        0x4 ./Code/main103c8t6_1.o
                0x000000002000004c                TSysTickTimer::Tick
 .bss.ledtick   0x0000000020000050        0x4 ./Code/main103c8t6_1.o
                0x0000000020000050                ledtick
 .bss.sec1      0x0000000020000054        0x2 ./Code/main103c8t6_1.o
                0x0000000020000054                sec1
 *fill*         0x0000000020000056        0x2 
 .bss.sectick   0x0000000020000058        0x4 ./Code/main103c8t6_1.o
                0x0000000020000058                sectick
 .bss.signstate
                0x000000002000005c        0x1 ./Code/main103c8t6_1.o
                0x000000002000005c                signstate
 *fill*         0x000000002000005d        0x3 
 .bss.signtick  0x0000000020000060        0x4 ./Code/main103c8t6_1.o
                0x0000000020000060                signtick
 *(COMMON)
 *(.bss_end .bss_end.*)
 .bss_end       0x0000000020000064        0x4 ./System/Source/Newlib/_startup.o
                0x0000000020000068                . = ALIGN (0x4)
                0x0000000020000068                __bss_end__ = .
                0x0000000020000068                _ebss = .

.noinit_CCMRAM
 *(.noinit.CCMRAM .noinit.CCMRAM.*)

.noinit         0x0000000020000068        0x0
                0x0000000020000068                _noinit = .
 *(.noinit .noinit.*)
                0x0000000020000068                . = ALIGN (0x4)
                0x0000000020000068                _end_noinit = .
                [!provide]                        PROVIDE (end = _end_noinit)
                [!provide]                        PROVIDE (_end = _end_noinit)
                [!provide]                        PROVIDE (__end = _end_noinit)
                [!provide]                        PROVIDE (__end__ = _end_noinit)

._check_stack   0x0000000020000068      0x100
                0x0000000020000168                . = (. + _Minimum_Stack_Size)
 *fill*         0x0000000020000068      0x100 

.b1text
 *(.b1text)
 *(.b1rodata)
 *(.b1rodata.*)

.eb0text
 *(.eb0text)
 *(.eb0rodata)
 *(.eb0rodata.*)

.eb1text
 *(.eb1text)
 *(.eb1rodata)
 *(.eb1rodata.*)

.eb2text
 *(.eb2text)
 *(.eb2rodata)
 *(.eb2rodata.*)

.eb3text
 *(.eb3text)
 *(.eb3rodata)
 *(.eb3rodata.*)

.stab
 *(.stab)

.stabstr
 *(.stabstr)

.stab.excl
 *(.stab.excl)

.stab.exclstr
 *(.stab.exclstr)

.stab.index
 *(.stab.index)

.stab.indexstr
 *(.stab.indexstr)

.comment        0x0000000000000000       0x68
 *(.comment)
 .comment       0x0000000000000000       0x68 ./System/Source/cortexm/_initialize_hardware.o
                                         0x69 (size before relaxing)
 .comment       0x0000000000000068       0x69 ./System/Source/cortexm/exception_handlers.o
 .comment       0x0000000000000068       0x69 ./System/Source/Newlib/_exit.o
 .comment       0x0000000000000068       0x69 ./System/Source/Newlib/_startup.o
 .comment       0x0000000000000068       0x69 ./System/Source/Cmsis/system_stm32f10x.o
 .comment       0x0000000000000068       0x69 ./System/Source/Cmsis/vectors_stm32f10x.o
 .comment       0x0000000000000068       0x69 ./Code/main103c8t6_1.o

.ARM.attributes
                0x0000000000000000       0x2d
 .ARM.attributes
                0x0000000000000000       0x2d ./System/Source/cortexm/_initialize_hardware.o
 .ARM.attributes
                0x000000000000002d       0x2d ./System/Source/cortexm/exception_handlers.o
 .ARM.attributes
                0x000000000000005a       0x2d ./System/Source/Newlib/_exit.o
 .ARM.attributes
                0x0000000000000087       0x2d ./System/Source/Newlib/_startup.o
 .ARM.attributes
                0x00000000000000b4       0x2d ./System/Source/Cmsis/system_stm32f10x.o
 .ARM.attributes
                0x00000000000000e1       0x2d ./System/Source/Cmsis/vectors_stm32f10x.o
 .ARM.attributes
                0x000000000000010e       0x2d ./Code/main103c8t6_1.o

.debug
 *(.debug)

.line
 *(.line)

.debug_srcinfo
 *(.debug_srcinfo)

.debug_sfnames
 *(.debug_sfnames)

.debug_aranges  0x0000000000000000      0x198
 *(.debug_aranges)
 .debug_aranges
                0x0000000000000000       0x28 ./System/Source/cortexm/_initialize_hardware.o
 .debug_aranges
                0x0000000000000028       0x80 ./System/Source/cortexm/exception_handlers.o
 .debug_aranges
                0x00000000000000a8       0x28 ./System/Source/Newlib/_exit.o
 .debug_aranges
                0x00000000000000d0       0x40 ./System/Source/Newlib/_startup.o
 .debug_aranges
                0x0000000000000110       0x28 ./System/Source/Cmsis/system_stm32f10x.o
 .debug_aranges
                0x0000000000000138       0x20 ./System/Source/Cmsis/vectors_stm32f10x.o
 .debug_aranges
                0x0000000000000158       0x40 ./Code/main103c8t6_1.o

.debug_pubnames
 *(.debug_pubnames)

.debug_info     0x0000000000000000     0xdadf
 *(.debug_info .gnu.linkonce.wi.*)
 .debug_info    0x0000000000000000      0x327 ./System/Source/cortexm/_initialize_hardware.o
 .debug_info    0x0000000000000327      0xba4 ./System/Source/cortexm/exception_handlers.o
 .debug_info    0x0000000000000ecb      0x972 ./System/Source/Newlib/_exit.o
 .debug_info    0x000000000000183d      0x446 ./System/Source/Newlib/_startup.o
 .debug_info    0x0000000000001c83      0x515 ./System/Source/Cmsis/system_stm32f10x.o
 .debug_info    0x0000000000002198       0xce ./System/Source/Cmsis/vectors_stm32f10x.o
 .debug_info    0x0000000000002266     0xb879 ./Code/main103c8t6_1.o

.debug_abbrev   0x0000000000000000     0x1328
 *(.debug_abbrev)
 .debug_abbrev  0x0000000000000000      0x10a ./System/Source/cortexm/_initialize_hardware.o
 .debug_abbrev  0x000000000000010a      0x26e ./System/Source/cortexm/exception_handlers.o
 .debug_abbrev  0x0000000000000378      0x21c ./System/Source/Newlib/_exit.o
 .debug_abbrev  0x0000000000000594      0x18b ./System/Source/Newlib/_startup.o
 .debug_abbrev  0x000000000000071f      0x1ab ./System/Source/Cmsis/system_stm32f10x.o
 .debug_abbrev  0x00000000000008ca       0xa5 ./System/Source/Cmsis/vectors_stm32f10x.o
 .debug_abbrev  0x000000000000096f      0x9b9 ./Code/main103c8t6_1.o

.debug_line     0x0000000000000000     0x2942
 *(.debug_line)
 .debug_line    0x0000000000000000      0x1a7 ./System/Source/cortexm/_initialize_hardware.o
 .debug_line    0x00000000000001a7      0x545 ./System/Source/cortexm/exception_handlers.o
 .debug_line    0x00000000000006ec      0x2e7 ./System/Source/Newlib/_exit.o
 .debug_line    0x00000000000009d3      0x62e ./System/Source/Newlib/_startup.o
 .debug_line    0x0000000000001001      0x375 ./System/Source/Cmsis/system_stm32f10x.o
 .debug_line    0x0000000000001376      0x136 ./System/Source/Cmsis/vectors_stm32f10x.o
 .debug_line    0x00000000000014ac     0x1496 ./Code/main103c8t6_1.o

.debug_frame    0x0000000000000000      0x2dc
 *(.debug_frame)
 .debug_frame   0x0000000000000000       0x38 ./System/Source/cortexm/_initialize_hardware.o
 .debug_frame   0x0000000000000038       0xe8 ./System/Source/cortexm/exception_handlers.o
 .debug_frame   0x0000000000000120       0x38 ./System/Source/Newlib/_exit.o
 .debug_frame   0x0000000000000158       0x80 ./System/Source/Newlib/_startup.o
 .debug_frame   0x00000000000001d8       0x48 ./System/Source/Cmsis/system_stm32f10x.o
 .debug_frame   0x0000000000000220       0x20 ./System/Source/Cmsis/vectors_stm32f10x.o
 .debug_frame   0x0000000000000240       0x9c ./Code/main103c8t6_1.o

.debug_str      0x0000000000000000    0x66fab
 *(.debug_str)
 .debug_str     0x0000000000000000    0x554a2 ./System/Source/cortexm/_initialize_hardware.o
                                      0x556d4 (size before relaxing)
 .debug_str     0x00000000000554a2     0x32e2 ./System/Source/cortexm/exception_handlers.o
                                      0x589af (size before relaxing)
 .debug_str     0x0000000000058784      0x11d ./System/Source/Newlib/_exit.o
                                       0x617c (size before relaxing)
 .debug_str     0x00000000000588a1      0xec0 ./System/Source/Newlib/_startup.o
                                       0x6945 (size before relaxing)
 .debug_str     0x0000000000059761      0x12d ./System/Source/Cmsis/system_stm32f10x.o
                                      0x557a0 (size before relaxing)
 .debug_str     0x000000000005988e       0x5a ./System/Source/Cmsis/vectors_stm32f10x.o
                                       0x38fa (size before relaxing)
 .debug_str     0x00000000000598e8     0xd6c3 ./Code/main103c8t6_1.o
                                      0x6620e (size before relaxing)

.debug_loc      0x0000000000000000      0xe85
 *(.debug_loc)
 .debug_loc     0x0000000000000000       0x15 ./System/Source/Newlib/_exit.o
 .debug_loc     0x0000000000000015      0x2b2 ./System/Source/Newlib/_startup.o
 .debug_loc     0x00000000000002c7       0xd6 ./System/Source/Cmsis/system_stm32f10x.o
 .debug_loc     0x000000000000039d      0xae8 ./Code/main103c8t6_1.o

.debug_macinfo
 *(.debug_macinfo)

.debug_weaknames
 *(.debug_weaknames)

.debug_funcnames
 *(.debug_funcnames)

.debug_typenames
 *(.debug_typenames)

.debug_varnames
 *(.debug_varnames)
OUTPUT(f103c8t6_1a.elf elf32-littlearm)

.debug_ranges   0x0000000000000000      0x4c8
 .debug_ranges  0x0000000000000000       0x18 ./System/Source/cortexm/_initialize_hardware.o
 .debug_ranges  0x0000000000000018       0x70 ./System/Source/cortexm/exception_handlers.o
 .debug_ranges  0x0000000000000088       0x18 ./System/Source/Newlib/_exit.o
 .debug_ranges  0x00000000000000a0       0xa0 ./System/Source/Newlib/_startup.o
 .debug_ranges  0x0000000000000140       0x70 ./System/Source/Cmsis/system_stm32f10x.o
 .debug_ranges  0x00000000000001b0       0x10 ./System/Source/Cmsis/vectors_stm32f10x.o
 .debug_ranges  0x00000000000001c0      0x308 ./Code/main103c8t6_1.o

.debug_macro    0x0000000000000000    0x12e75
 .debug_macro   0x0000000000000000       0x80 ./System/Source/cortexm/_initialize_hardware.o
 .debug_macro   0x0000000000000080      0xaa2 ./System/Source/cortexm/_initialize_hardware.o
 .debug_macro   0x0000000000000b22       0x2e ./System/Source/cortexm/_initialize_hardware.o
 .debug_macro   0x0000000000000b50       0x22 ./System/Source/cortexm/_initialize_hardware.o
 .debug_macro   0x0000000000000b72      0x34e ./System/Source/cortexm/_initialize_hardware.o
 .debug_macro   0x0000000000000ec0       0x34 ./System/Source/cortexm/_initialize_hardware.o
 .debug_macro   0x0000000000000ef4       0x34 ./System/Source/cortexm/_initialize_hardware.o
 .debug_macro   0x0000000000000f28      0xb8e ./System/Source/cortexm/_initialize_hardware.o
 .debug_macro   0x0000000000001ab6     0xe90a ./System/Source/cortexm/_initialize_hardware.o
 .debug_macro   0x00000000000103c0       0x43 ./System/Source/cortexm/_initialize_hardware.o
 .debug_macro   0x0000000000010403      0x16c ./System/Source/cortexm/exception_handlers.o
 .debug_macro   0x000000000001056f       0x3a ./System/Source/cortexm/exception_handlers.o
 .debug_macro   0x00000000000105a9       0x22 ./System/Source/cortexm/exception_handlers.o
 .debug_macro   0x00000000000105cb       0x5e ./System/Source/cortexm/exception_handlers.o
 .debug_macro   0x0000000000010629       0x18 ./System/Source/cortexm/exception_handlers.o
 .debug_macro   0x0000000000010641       0x94 ./System/Source/cortexm/exception_handlers.o
 .debug_macro   0x00000000000106d5       0x35 ./System/Source/cortexm/exception_handlers.o
 .debug_macro   0x000000000001070a       0x34 ./System/Source/cortexm/exception_handlers.o
 .debug_macro   0x000000000001073e      0x174 ./System/Source/cortexm/exception_handlers.o
 .debug_macro   0x00000000000108b2       0x57 ./System/Source/cortexm/exception_handlers.o
 .debug_macro   0x0000000000010909       0x58 ./System/Source/cortexm/exception_handlers.o
 .debug_macro   0x0000000000010961       0x1f ./System/Source/cortexm/exception_handlers.o
 .debug_macro   0x0000000000010980       0x43 ./System/Source/cortexm/exception_handlers.o
 .debug_macro   0x00000000000109c3       0x20 ./System/Source/cortexm/exception_handlers.o
 .debug_macro   0x00000000000109e3      0x18e ./System/Source/cortexm/exception_handlers.o
 .debug_macro   0x0000000000010b71      0x339 ./System/Source/cortexm/exception_handlers.o
 .debug_macro   0x0000000000010eaa       0x10 ./System/Source/cortexm/exception_handlers.o
 .debug_macro   0x0000000000010eba       0x35 ./System/Source/cortexm/exception_handlers.o
 .debug_macro   0x0000000000010eef       0xf6 ./System/Source/Newlib/_exit.o
 .debug_macro   0x0000000000010fe5      0x10e ./System/Source/Newlib/_exit.o
 .debug_macro   0x00000000000110f3       0x8d ./System/Source/Newlib/_exit.o
 .debug_macro   0x0000000000011180       0x16 ./System/Source/Newlib/_exit.o
 .debug_macro   0x0000000000011196       0x29 ./System/Source/Newlib/_exit.o
 .debug_macro   0x00000000000111bf      0x173 ./System/Source/Newlib/_startup.o
 .debug_macro   0x0000000000011332       0x94 ./System/Source/Cmsis/system_stm32f10x.o
 .debug_macro   0x00000000000113c6       0x34 ./System/Source/Cmsis/vectors_stm32f10x.o
 .debug_macro   0x00000000000113fa      0x35f ./Code/main103c8t6_1.o
 .debug_macro   0x0000000000011759      0xb8e ./Code/main103c8t6_1.o
 .debug_macro   0x00000000000122e7       0x12 ./Code/main103c8t6_1.o
 .debug_macro   0x00000000000122f9      0x17b ./Code/main103c8t6_1.o
 .debug_macro   0x0000000000012474       0x35 ./Code/main103c8t6_1.o
 .debug_macro   0x00000000000124a9       0x18 ./Code/main103c8t6_1.o
 .debug_macro   0x00000000000124c1       0xd7 ./Code/main103c8t6_1.o
 .debug_macro   0x0000000000012598       0x10 ./Code/main103c8t6_1.o
 .debug_macro   0x00000000000125a8       0x10 ./Code/main103c8t6_1.o
 .debug_macro   0x00000000000125b8      0x3ce ./Code/main103c8t6_1.o
 .debug_macro   0x0000000000012986       0x16 ./Code/main103c8t6_1.o
 .debug_macro   0x000000000001299c       0x1c ./Code/main103c8t6_1.o
 .debug_macro   0x00000000000129b8       0x6e ./Code/main103c8t6_1.o
 .debug_macro   0x0000000000012a26       0x28 ./Code/main103c8t6_1.o
 .debug_macro   0x0000000000012a4e       0x86 ./Code/main103c8t6_1.o
 .debug_macro   0x0000000000012ad4       0x18 ./Code/main103c8t6_1.o
 .debug_macro   0x0000000000012aec       0x2e ./Code/main103c8t6_1.o
 .debug_macro   0x0000000000012b1a       0x1f ./Code/main103c8t6_1.o
 .debug_macro   0x0000000000012b39       0x76 ./Code/main103c8t6_1.o
 .debug_macro   0x0000000000012baf       0x19 ./Code/main103c8t6_1.o
 .debug_macro   0x0000000000012bc8       0xf6 ./Code/main103c8t6_1.o
 .debug_macro   0x0000000000012cbe       0x11 ./Code/main103c8t6_1.o
 .debug_macro   0x0000000000012ccf       0x11 ./Code/main103c8t6_1.o
 .debug_macro   0x0000000000012ce0       0x17 ./Code/main103c8t6_1.o
 .debug_macro   0x0000000000012cf7       0x17 ./Code/main103c8t6_1.o
 .debug_macro   0x0000000000012d0e       0x17 ./Code/main103c8t6_1.o
 .debug_macro   0x0000000000012d25       0x17 ./Code/main103c8t6_1.o
 .debug_macro   0x0000000000012d3c       0x17 ./Code/main103c8t6_1.o
 .debug_macro   0x0000000000012d53       0xe4 ./Code/main103c8t6_1.o
 .debug_macro   0x0000000000012e37       0x3e ./Code/main103c8t6_1.o
